Component: ARM Compiler 5.05 update 1 (build 106) Tool: armlink [4d0efa]

==============================================================================

Section Cross References

    main.o(.text) refers to ff.o(.text) for f_opendir
    main.o(.text) refers to malloc.o(.text) for mymalloc
    main.o(.text) refers to exfuns.o(.text) for f_typetell
    main.o(.text) refers to lcd.o(.text) for LCD_Scan_Dir
    main.o(.text) refers to delay.o(.text) for delay_ms
    main.o(.text) refers to ov7670.o(.text) for OV7670_Init
    main.o(.text) refers to exti.o(.text) for EXTI15_Init
    main.o(.text) refers to misc.o(.text) for NVIC_PriorityGroupConfig
    main.o(.text) refers to usart.o(.text) for uart_init
    main.o(.text) refers to led.o(.text) for LED_Init
    main.o(.text) refers to key.o(.text) for KEY_Init
    main.o(.text) refers to piclib.o(.text) for piclib_init
    main.o(.text) refers to strcpy.o(.text) for strcpy
    main.o(.text) refers to strcat.o(.text) for strcat
    main.o(.text) refers to exti.o(.data) for ov_sta
    main.o(.text) refers to lcd.o(.data) for POINT_COLOR
    main.o(.text) refers to touch.o(.data) for tp_dev
    main.o(.text) refers to usmart_config.o(.data) for usmart_dev
    main.o(.text) refers to exfuns.o(.data) for fs
    main.o(.text) refers to lcd.o(.bss) for lcddev
    main.o(.text) refers to noretval__2printf.o(.text) for __2printf
    24cxx.o(.text) refers to myiic.o(.text) for IIC_Init
    24cxx.o(.text) refers to delay.o(.text) for delay_ms
    bmp.o(.text) refers to piclib.o(.text) for pic_memalloc
    bmp.o(.text) refers to ff.o(.text) for f_open
    bmp.o(.text) refers to piclib.o(.bss) for picinfo
    bmp.o(.text) refers to malloc.o(.text) for mymemset
    bmp.o(.text) refers to lcd.o(.text) for LCD_ReadPoint
    bmp.o(.text) refers to lcd.o(.bss) for lcddev
    bmp.o(.text) refers to exfuns.o(.data) for bw
    ctiic.o(.text) refers to delay.o(.text) for delay_us
    delay.o(.text) refers to misc.o(.text) for SysTick_CLKSourceConfig
    delay.o(.text) refers to system_stm32f10x.o(.data) for SystemCoreClock
    delay.o(.text) refers to delay.o(.data) for fac_us
    diskio.o(.text) refers to mmc_sd.o(.text) for SD_Initialize
    diskio.o(.text) refers to malloc.o(.text) for mymalloc
    exfuns.o(.text) refers to malloc.o(.text) for mymalloc
    exfuns.o(.text) refers to strcpy.o(.text) for strcpy
    exfuns.o(.text) refers to strcmpv7m.o(.text) for strcmp
    exfuns.o(.text) refers to ff.o(.text) for f_getfree
    exfuns.o(.text) refers to exfuns.o(.data) for fs
    exfuns.o(.data) refers to exfuns.o(.conststring) for .conststring
    exti.o(.text) refers to stm32f10x_rcc.o(.text) for RCC_APB2PeriphClockCmd
    exti.o(.text) refers to stm32f10x_gpio.o(.text) for GPIO_EXTILineConfig
    exti.o(.text) refers to stm32f10x_exti.o(.text) for EXTI_Init
    exti.o(.text) refers to misc.o(.text) for NVIC_Init
    exti.o(.text) refers to exti.o(.data) for ov_sta
    fattester.o(.text) refers to _printf_percent.o(.ARM.Collect$$_printf_percent$$00000000) for _printf_percent
    fattester.o(.text) refers to _printf_d.o(.ARM.Collect$$_printf_percent$$00000009) for _printf_d
    fattester.o(.text) refers to _printf_dec.o(.text) for _printf_int_dec
    fattester.o(.text) refers to _printf_c.o(.ARM.Collect$$_printf_percent$$00000013) for _printf_c
    fattester.o(.text) refers to _printf_str.o(.text) for _printf_str
    fattester.o(.text) refers to _printf_s.o(.ARM.Collect$$_printf_percent$$00000014) for _printf_s
    fattester.o(.text) refers to _printf_x.o(.ARM.Collect$$_printf_percent$$0000000C) for _printf_x
    fattester.o(.text) refers to _printf_hex_int.o(.text) for _printf_longlong_hex
    fattester.o(.text) refers to ff.o(.text) for f_mount
    fattester.o(.text) refers to noretval__2printf.o(.text) for __2printf
    fattester.o(.text) refers to malloc.o(.text) for mymalloc
    fattester.o(.text) refers to exfuns.o(.data) for fs
    fattester.o(.text) refers to exfuns.o(.bss) for dir
    ff.o(.text) refers to diskio.o(.text) for disk_write
    ff.o(.text) refers to unicode.o(.text) for ff_wtoupper
    ff.o(.text) refers to ff.o(.constdata) for LfnOfs
    ff.o(.text) refers to ff.o(.data) for FatFs
    gif.o(.text) refers to ff.o(.text) for f_read
    gif.o(.text) refers to malloc.o(.text) for mymemset
    gif.o(.text) refers to gif.o(.constdata) for _aMaskTbl
    gif.o(.text) refers to piclib.o(.bss) for pic_phy
    gif.o(.text) refers to piclib.o(.text) for pic_memalloc
    gif.o(.text) refers to delay.o(.text) for delay_ms
    gif.o(.text) refers to gif.o(.data) for gifdecoding
    gt9147.o(.text) refers to _printf_percent.o(.ARM.Collect$$_printf_percent$$00000000) for _printf_percent
    gt9147.o(.text) refers to _printf_s.o(.ARM.Collect$$_printf_percent$$00000014) for _printf_s
    gt9147.o(.text) refers to _printf_str.o(.text) for _printf_str
    gt9147.o(.text) refers to _printf_d.o(.ARM.Collect$$_printf_percent$$00000009) for _printf_d
[...]
    __scatterload                            0x08000139   Thumb Code     0  __scatter.o(!!!scatter)
    __scatterload_rt2                        0x08000139   Thumb Code    44  __scatter.o(!!!scatter)
    __scatterload_rt2_thumb_only             0x08000139   Thumb Code     0  __scatter.o(!!!scatter)
    __scatterload_null                       0x08000147   Thumb Code     0  __scatter.o(!!!scatter)
    __decompress                             0x0800016d   Thumb Code    90  __dczerorl2.o(!!dczerorl2)
    __decompress1                            0x0800016d   Thumb Code     0  __dczerorl2.o(!!dczerorl2)
    __scatterload_zeroinit                   0x080001c9   Thumb Code    28  __scatter_zi.o(!!handler_zi)
    _printf_d                                0x080001e5   Thumb Code     0  _printf_d.o(.ARM.Collect$$_printf_percent$$00000009)
    _printf_percent                          0x080001e5   Thumb Code     0  _printf_percent.o(.ARM.Collect$$_printf_percent$$00000000)
    _printf_u                                0x080001eb   Thumb Code     0  _printf_u.o(.ARM.Collect$$_printf_percent$$0000000A)
    _printf_x                                0x080001f1   Thumb Code     0  _printf_x.o(.ARM.Collect$$_printf_percent$$0000000C)
    _printf_c                                0x080001f7   Thumb Code     0  _printf_c.o(.ARM.Collect$$_printf_percent$$00000013)
    _printf_s                                0x080001fd   Thumb Code     0  _printf_s.o(.ARM.Collect$$_printf_percent$$00000014)
    _printf_percent_end                      0x08000203   Thumb Code     0  _printf_percent_end.o(.ARM.Collect$$_printf_percent$$00000017)
    __rt_lib_init                            0x08000207   Thumb Code     0  libinit.o(.ARM.Collect$$libinit$$00000000)
    __rt_lib_init_alloca_1                   0x08000209   Thumb Code     0  libinit2.o(.ARM.Collect$$libinit$$0000002E)
    __rt_lib_init_argv_1                     0x08000209   Thumb Code     0  libinit2.o(.ARM.Collect$$libinit$$0000002C)
    __rt_lib_init_atexit_1                   0x08000209   Thumb Code     0  libinit2.o(.ARM.Collect$$libinit$$0000001B)
    __rt_lib_init_clock_1                    0x08000209   Thumb Code     0  libinit2.o(.ARM.Collect$$libinit$$00000021)
    __rt_lib_init_cpp_1                      0x08000209   Thumb Code     0  libinit2.o(.ARM.Collect$$libinit$$00000032)
    __rt_lib_init_exceptions_1               0x08000209   Thumb Code     0  libinit2.o(.ARM.Collect$$libinit$$00000030)
    __rt_lib_init_fp_1                       0x08000209   Thumb Code     0  libinit2.o(.ARM.Collect$$libinit$$00000002)
    __rt_lib_init_fp_trap_1                  0x08000209   Thumb Code     0  libinit2.o(.ARM.Collect$$libinit$$0000001F)
    __rt_lib_init_getenv_1                   0x08000209   Thumb Code     0  libinit2.o(.ARM.Collect$$libinit$$00000023)
    __rt_lib_init_heap_1                     0x08000209   Thumb Code     0  libinit2.o(.ARM.Collect$$libinit$$0000000A)
    __rt_lib_init_lc_collate_1               0x08000209   Thumb Code     0  libinit2.o(.ARM.Collect$$libinit$$00000011)
    __rt_lib_init_lc_ctype_1                 0x08000209   Thumb Code     0  libinit2.o(.ARM.Collect$$libinit$$00000013)
    __rt_lib_init_lc_monetary_1              0x08000209   Thumb Code     0  libinit2.o(.ARM.Collect$$libinit$$00000015)
    __rt_lib_init_lc_numeric_1               0x08000209   Thumb Code     0  libinit2.o(.ARM.Collect$$libinit$$00000017)
    __rt_lib_init_lc_time_1                  0x08000209   Thumb Code     0  libinit2.o(.ARM.Collect$$libinit$$00000019)
    __rt_lib_init_preinit_1                  0x08000209   Thumb Code     0  libinit2.o(.ARM.Collect$$libinit$$00000004)
    __rt_lib_init_rand_1                     0x08000209   Thumb Code     0  libinit2.o(.ARM.Collect$$libinit$$0000000E)
    __rt_lib_init_return                     0x08000209   Thumb Code     0  libinit2.o(.ARM.Collect$$libinit$$00000033)
    __rt_lib_init_signal_1                   0x08000209   Thumb Code     0  libinit2.o(.ARM.Collect$$libinit$$0000001D)
    __rt_lib_init_stdio_1                    0x08000209   Thumb Code     0  libinit2.o(.ARM.Collect$$libinit$$00000025)
    __rt_lib_init_user_alloc_1               0x08000209   Thumb Code     0  libinit2.o(.ARM.Collect$$libinit$$0000000C)
    __rt_lib_shutdown                        0x0800020b   Thumb Code     0  libshutdown.o(.ARM.Collect$$libshutdown$$00000000)
    __rt_lib_shutdown_fp_trap_1              0x0800020d   Thumb Code     0  libshutdown2.o(.ARM.Collect$$libshutdown$$00000006)
    __rt_lib_shutdown_heap_1                 0x0800020d   Thumb Code     0  libshutdown2.o(.ARM.Collect$$libshutdown$$0000000E)
    __rt_lib_shutdown_return                 0x0800020d   Thumb Code     0  libshutdown2.o(.ARM.Collect$$libshutdown$$0000000F)
    __rt_lib_shutdown_signal_1               0x0800020d   Thumb Code     0  libshutdown2.o(.ARM.Collect$$libshutdown$$00000009)
    __rt_lib_shutdown_stdio_1                0x0800020d   Thumb Code     0  libshutdown2.o(.ARM.Collect$$libshutdown$$00000003)
    __rt_lib_shutdown_user_alloc_1           0x0800020d   Thumb Code     0  libshutdown2.o(.ARM.Collect$$libshutdown$$0000000B)
    __rt_entry                               0x0800020f   Thumb Code     0  __rtentry.o(.ARM.Collect$$rtentry$$00000000)
    __rt_entry_presh_1                       0x0800020f   Thumb Code     0  __rtentry2.o(.ARM.Collect$$rtentry$$00000002)
    __rt_entry_sh                            0x0800020f   Thumb Code     0  __rtentry4.o(.ARM.Collect$$rtentry$$00000004)
    __rt_entry_li                            0x08000215   Thumb Code     0  __rtentry2.o(.ARM.Collect$$rtentry$$0000000A)
    __rt_entry_postsh_1                      0x08000215   Thumb Code     0  __rtentry2.o(.ARM.Collect$$rtentry$$00000009)
    __rt_entry_main                          0x08000219   Thumb Code     0  __rtentry2.o(.ARM.Collect$$rtentry$$0000000D)
    __rt_entry_postli_1                      0x08000219   Thumb Code     0  __rtentry2.o(.ARM.Collect$$rtentry$$0000000C)
    __rt_exit                                0x08000221   Thumb Code     0  rtexit.o(.ARM.Collect$$rtexit$$00000000)
    __rt_exit_ls                             0x08000223   Thumb Code     0  rtexit2.o(.ARM.Collect$$rtexit$$00000003)
    __rt_exit_prels_1                        0x08000223   Thumb Code     0  rtexit2.o(.ARM.Collect$$rtexit$$00000002)
    __rt_exit_exit                           0x08000227   Thumb Code     0  rtexit2.o(.ARM.Collect$$rtexit$$00000004)
    pic_get_tnum                             0x0800022d   Thumb Code   106  main.o(.text)
    camera_refresh                           0x08000297   Thumb Code   218  main.o(.text)
    camera_on                                0x08000371   Thumb Code   150  main.o(.text)
    main                                     0x08000407   Thumb Code  1074  main.o(.text)
    AT24CXX_Init                             0x08000851   Thumb Code     8  24cxx.o(.text)
    AT24CXX_ReadOneByte                      0x08000859   Thumb Code    88  24cxx.o(.text)
    AT24CXX_WriteOneByte                     0x080008b1   Thumb Code    80  24cxx.o(.text)
    AT24CXX_WriteLenByte                     0x08000901   Thumb Code    42  24cxx.o(.text)
    AT24CXX_ReadLenByte                      0x0800092b   Thumb Code    44  24cxx.o(.text)
    AT24CXX_Check                            0x08000957   Thumb Code    46  24cxx.o(.text)
    AT24CXX_Read                             0x08000985   Thumb Code    34  24cxx.o(.text)
    AT24CXX_Write                            0x080009a7   Thumb Code    36  24cxx.o(.text)
    stdbmp_decode                            0x080009cd   Thumb Code   712  bmp.o(.text)
    minibmp_decode                           0x08000c95   Thumb Code   976  bmp.o(.text)
    bmp_encode                               0x08001065   Thumb Code   500  bmp.o(.text)
    delay_init                               0x08001259   Thumb Code    50  delay.o(.text)
    delay_us                                 0x0800128b   Thumb Code    72  delay.o(.text)
    delay_ms                                 0x080012d3   Thumb Code    72  delay.o(.text)
    disk_initialize                          0x0800132d   Thumb Code    48  diskio.o(.text)
    disk_status                              0x0800135d   Thumb Code     6  diskio.o(.text)
    disk_read                                0x08001363   Thumb Code    82  diskio.o(.text)
    disk_write                               0x080013b5   Thumb Code    62  diskio.o(.text)
    disk_ioctl                               0x080013f3   Thumb Code    96  diskio.o(.text)
    get_fattime                              0x08001453   Thumb Code     4  diskio.o(.text)
    ff_memalloc                              0x08001457   Thumb Code    12  diskio.o(.text)
    ff_memfree                               0x08001463   Thumb Code    12  diskio.o(.text)
    exfuns_init                              0x08001475   Thumb Code    82  exfuns.o(.text)
    char_upper                               0x080014c7   Thumb Code    26  exfuns.o(.text)
    f_typetell                               0x080014e1   Thumb Code   188  exfuns.o(.text)
    exf_getfree                              0x0800159d   Thumb Code    74  exfuns.o(.text)
    EXTIX_Init                               0x080015fd   Thumb Code   152  exti.o(.text)
    EXTI15_10_IRQHandler                     0x08001695   Thumb Code    78  exti.o(.text)
    EXTI15_Init                              0x080016e3   Thumb Code   118  exti.o(.text)
    clust2sect                               0x0800191b   Thumb Code    26  ff.o(.text)
    get_fat                                  0x08001935   Thumb Code   232  ff.o(.text)
    put_fat                                  0x08001a1d   Thumb Code   310  ff.o(.text)
    dir_sdi                                  0x08001cc7   Thumb Code   158  ff.o(.text)
    f_mount                                  0x08002d2f   Thumb Code    86  ff.o(.text)
    f_open                                   0x08002d85   Thumb Code   384  ff.o(.text)
    f_read                                   0x08002f05   Thumb Code   450  ff.o(.text)
    f_write                                  0x080030c7   Thumb Code   498  ff.o(.text)
    f_sync                                   0x080032b9   Thumb Code   176  ff.o(.text)
    f_close                                  0x08003369   Thumb Code    32  ff.o(.text)
    f_lseek                                  0x08003389   Thumb Code   654  ff.o(.text)
    f_opendir                                0x08003617   Thumb Code   136  ff.o(.text)
    f_closedir                               0x0800369f   Thumb Code    22  ff.o(.text)
    f_readdir                                0x080036b5   Thumb Code   114  ff.o(.text)
    f_stat                                   0x08003727   Thumb Code    84  ff.o(.text)
    f_getfree                                0x0800377b   Thumb Code   258  ff.o(.text)
    f_truncate                               0x0800387d   Thumb Code   184  ff.o(.text)
    f_unlink                                 0x08003935   Thumb Code   194  ff.o(.text)
    f_mkdir                                  0x080039f7   Thumb Code   380  ff.o(.text)
    f_chmod                                  0x08003b73   Thumb Code   112  ff.o(.text)
    f_utime                                  0x08003be3   Thumb Code   110  ff.o(.text)
    f_rename                                 0x08003c51   Thumb Code   314  ff.o(.text)
    f_getlabel                               0x08003d8b   Thumb Code   190  ff.o(.text)
    f_setlabel                               0x08003e49   Thumb Code   470  ff.o(.text)
    f_mkfs                                   0x0800401f   Thumb Code  1570  ff.o(.text)
    f_gets                                   0x08004641   Thumb Code    82  ff.o(.text)
    f_putc                                   0x080046d7   Thumb Code    64  ff.o(.text)
    f_puts                                   0x08004717   Thumb Code    74  ff.o(.text)
    f_printf                                 0x08004761   Thumb Code   674  ff.o(.text)
    gif_check_head                           0x08004a05   Thumb Code    88  gif.o(.text)
    gif_getrgb565                            0x08004a5d   Thumb Code    28  gif.o(.text)
    gif_readcolortbl                         0x08004a79   Thumb Code    64  gif.o(.text)
    gif_getinfo                              0x08004ab9   Thumb Code    70  gif.o(.text)
    gif_savegctbl                            0x08004aff   Thumb Code    38  gif.o(.text)
    gif_recovergctbl                         0x08004b25   Thumb Code    38  gif.o(.text)
    gif_initlzw                              0x08004b4b   Thumb Code   152  gif.o(.text)
    gif_getdatablock                         0x08004be3   Thumb Code    96  gif.o(.text)
    gif_readextension                        0x08004c43   Thumb Code   160  gif.o(.text)
    gif_getnextcode                          0x08004ce3   Thumb Code   452  gif.o(.text)
    gif_getnextbyte                          0x08004ea7   Thumb Code   856  gif.o(.text)
    gif_dispimage                            0x080051ff   Thumb Code   544  gif.o(.text)
    gif_clear2bkcolor                        0x0800541f   Thumb Code   496  gif.o(.text)
    gif_drawimage                            0x0800560f   Thumb Code   352  gif.o(.text)
    gif_quit                                 0x0800576f   Thumb Code     8  gif.o(.text)
    gif_decode                               0x08005777   Thumb Code   296  gif.o(.text)
    KEY_Init                                 0x080058a5   Thumb Code    82  key.o(.text)
    KEY_Scan                                 0x080058f7   Thumb Code   154  key.o(.text)
    LCD_WR_REG                               0x080059a1   Thumb Code    28  lcd.o(.text)
    LCD_WR_DATAX                             0x080059bd   Thumb Code    28  lcd.o(.text)
    LCD_RD_DATA                              0x080059d9   Thumb Code    98  lcd.o(.text)
    LCD_WriteReg                             0x08005a3b   Thumb Code    40  lcd.o(.text)
    LCD_ReadReg                              0x08005a63   Thumb Code    16  lcd.o(.text)
    LCD_WriteRAM_Prepare                     0x08005a73   Thumb Code    12  lcd.o(.text)
    LCD_WriteRAM                             0x08005a7f   Thumb Code    28  lcd.o(.text)
    LCD_BGR2RGB                              0x08005a9b   Thumb Code    26  lcd.o(.text)
    opt_delay                                0x08005ab5   Thumb Code    14  lcd.o(.text)
    LCD_SetCursor                            0x08005ac3   Thumb Code   956  lcd.o(.text)
    LCD_ReadPoint                            0x08005e7f   Thumb Code   354  lcd.o(.text)
    LCD_DisplayOn                            0x08005fe1   Thumb Code    92  lcd.o(.text)
    LCD_DisplayOff                           0x0800603d   Thumb Code    90  lcd.o(.text)
    LCD_Scan_Dir                             0x08006097   Thumb Code  1112  lcd.o(.text)
    LCD_DrawPoint                            0x080064ef   Thumb Code    52  lcd.o(.text)
    LCD_Fast_DrawPoint                       0x08006523   Thumb Code   872  lcd.o(.text)
    LCD_SSD_BackLightSet                     0x0800688b   Thumb Code   198  lcd.o(.text)
    LCD_Display_Dir                          0x08006951   Thumb Code    88  lcd.o(.text)
    LCD_Set_Window                           0x080069a9   Thumb Code   264  lcd.o(.text)
    LCD_Clear                                0x08006ab1   Thumb Code   122  lcd.o(.text)
    LCD_Init                                 0x08006b2b   Thumb Code   706  lcd.o(.text)
    LCD_Fill                                 0x08006ded   Thumb Code   200  lcd.o(.text)
    LCD_Color_Fill                           0x08006eb5   Thumb Code   116  lcd.o(.text)
    LCD_DrawLine                             0x08006f29   Thumb Code   176  lcd.o(.text)
    LCD_DrawRectangle                        0x08006fd9   Thumb Code    60  lcd.o(.text)
    LCD_Draw_Circle                          0x08007015   Thumb Code   152  lcd.o(.text)
    LCD_ShowChar                             0x080070ad   Thumb Code   308  lcd.o(.text)
    LCD_Pow                                  0x080071e1   Thumb Code    22  lcd.o(.text)
    LCD_ShowNum                              0x080071f7   Thumb Code   148  lcd.o(.text)
    LCD_ShowxNum                             0x0800728b   Thumb Code   190  lcd.o(.text)
    LCD_ShowString                           0x08007349   Thumb Code   102  lcd.o(.text)
    LED_Init                                 0x080073b1   Thumb Code    72  led.o(.text)
    mymemcpy                                 0x08007401   Thumb Code    26  malloc.o(.text)
    mymemset                                 0x0800741b   Thumb Code    20  malloc.o(.text)
    mem_init                                 0x0800742f   Thumb Code    38  malloc.o(.text)
    mem_perused                              0x08007455   Thumb Code    42  malloc.o(.text)
    mem_malloc                               0x0800747f   Thumb Code   116  malloc.o(.text)
    mem_free                                 0x080074f3   Thumb Code    66  malloc.o(.text)
    myfree                                   0x08007535   Thumb Code    24  malloc.o(.text)
    mymalloc                                 0x0800754d   Thumb Code    28  malloc.o(.text)
    myrealloc                                0x08007569   Thumb Code    50  malloc.o(.text)
    SD_SPI_ReadWriteByte                     0x080075a1   Thumb Code    12  mmc_sd.o(.text)
    SD_SPI_SpeedLow                          0x080075ad   Thumb Code    10  mmc_sd.o(.text)
    SD_SPI_SpeedHigh                         0x080075b7   Thumb Code    10  mmc_sd.o(.text)
    SD_SPI_Init                              0x080075c1   Thumb Code    56  mmc_sd.o(.text)
    SD_DisSelect                             0x080075f9   Thumb Code    16  mmc_sd.o(.text)
    SD_WaitReady                             0x08007609   Thumb Code    34  mmc_sd.o(.text)
    SD_Select                                0x0800762b   Thumb Code    26  mmc_sd.o(.text)
    SD_GetResponse                           0x08007645   Thumb Code    38  mmc_sd.o(.text)
    SD_RecvData                              0x0800766b   Thumb Code    56  mmc_sd.o(.text)
    SD_SendBlock                             0x080076a3   Thumb Code    82  mmc_sd.o(.text)
    SD_SendCmd                               0x080076f5   Thumb Code   120  mmc_sd.o(.text)
    SD_GetCID                                0x0800776d   Thumb Code    42  mmc_sd.o(.text)
    SD_GetCSD                                0x08007797   Thumb Code    42  mmc_sd.o(.text)
    SD_GetSectorCount                        0x080077c1   Thumb Code   118  mmc_sd.o(.text)
    SD_Initialize                            0x08007837   Thumb Code   398  mmc_sd.o(.text)
    SD_ReadDisk                              0x080079c5   Thumb Code   112  mmc_sd.o(.text)
    SD_WriteDisk                             0x08007a35   Thumb Code   140  mmc_sd.o(.text)
    IIC_Init                                 0x08007ac5   Thumb Code    52  myiic.o(.text)
    IIC_Start                                0x08007af9   Thumb Code    68  myiic.o(.text)
    IIC_Stop                                 0x08007b3d   Thumb Code    62  myiic.o(.text)
    IIC_Wait_Ack                             0x08007b7b   Thumb Code    86  myiic.o(.text)
    IIC_Ack                                  0x08007bd1   Thumb Code    66  myiic.o(.text)
    IIC_NAck                                 0x08007c13   Thumb Code    66  myiic.o(.text)
    IIC_Send_Byte                            0x08007c55   Thumb Code    90  myiic.o(.text)
    IIC_Read_Byte                            0x08007caf   Thumb Code    98  myiic.o(.text)
    OV7670_Init                              0x08007d1d   Thumb Code   214  ov7670.o(.text)
    OV7670_Light_Mode                        0x08007df3   Thumb Code    92  ov7670.o(.text)
    OV7670_Color_Saturation                  0x08007e4f   Thumb Code   122  ov7670.o(.text)
    OV7670_Brightness                        0x08007ec9   Thumb Code    50  ov7670.o(.text)
    OV7670_Contrast                          0x08007efb   Thumb Code    50  ov7670.o(.text)
    OV7670_Special_Effects                   0x08007f2d   Thumb Code   106  ov7670.o(.text)
    OV7670_Window_Set                        0x08007f97   Thumb Code   138  ov7670.o(.text)
    piclib_draw_hline                        0x0800802d   Thumb Code    52  piclib.o(.text)
    piclib_fill_color                        0x08008061   Thumb Code    44  piclib.o(.text)
    piclib_init                              0x0800808d   Thumb Code    62  piclib.o(.text)
    piclib_alpha_blend                       0x080080cb   Thumb Code    42  piclib.o(.text)
    ai_draw_init                             0x080080f5   Thumb Code   264  piclib.o(.text)
    is_element_ok                            0x080081fd   Thumb Code    36  piclib.o(.text)
    ai_load_picfile                          0x08008221   Thumb Code   194  piclib.o(.text)
    pic_memalloc                             0x080082e3   Thumb Code    12  piclib.o(.text)
    pic_memfree                              0x080082ef   Thumb Code    12  piclib.o(.text)
    Remote_Init                              0x08008319   Thumb Code   176  remote.o(.text)
    TIM5_IRQHandler                          0x080083c9   Thumb Code   384  remote.o(.text)
    Remote_Scan                              0x08008549   Thumb Code    92  remote.o(.text)
    SCCB_Init                                0x080085c1   Thumb Code    68  sccb.o(.text)
    SCCB_Start                               0x08008605   Thumb Code    42  sccb.o(.text)
    SCCB_Stop                                0x0800862f   Thumb Code    42  sccb.o(.text)
    SCCB_No_Ack                              0x08008659   Thumb Code    56  sccb.o(.text)
    SCCB_WR_Byte                             0x08008691   Thumb Code   158  sccb.o(.text)
    SCCB_RD_Byte                             0x0800872f   Thumb Code   108  sccb.o(.text)
    SCCB_WR_Reg                              0x0800879b   Thumb Code    62  sccb.o(.text)
    SCCB_RD_Reg                              0x080087d9   Thumb Code    78  sccb.o(.text)
    SPI1_ReadWriteByte                       0x08008835   Thumb Code    78  spi.o(.text)
    SPI1_Init                                0x08008883   Thumb Code   108  spi.o(.text)
    SPI1_SetSpeed                            0x080088ef   Thumb Code    26  spi.o(.text)
    jd_prepare                               0x080094b5   Thumb Code   924  tjpgd.o(.text)
    jd_decomp                                0x08009851   Thumb Code   162  tjpgd.o(.text)
    jpeg_mallocall                           0x080098f3   Thumb Code    70  tjpgd.o(.text)
    jpeg_freeall                             0x08009939   Thumb Code    28  tjpgd.o(.text)
    jpeg_in_func                             0x08009955   Thumb Code    48  tjpgd.o(.text)
    jpeg_out_func_fill                       0x08009985   Thumb Code    74  tjpgd.o(.text)
    jpeg_out_func_point                      0x080099cf   Thumb Code   182  tjpgd.o(.text)
    jpg_decode                               0x08009a85   Thumb Code   234  tjpgd.o(.text)
    TP_Write_Byte                            0x08009b85   Thumb Code    56  touch.o(.text)
    TP_Read_AD                               0x08009bbd   Thumb Code   132  touch.o(.text)
    TP_Read_XOY                              0x08009c41   Thumb Code   120  touch.o(.text)
    TP_Read_XY                               0x08009cb9   Thumb Code    38  touch.o(.text)
    TP_Read_XY2                              0x08009cdf   Thumb Code   192  touch.o(.text)
    TP_Drow_Touch_Point                      0x08009d9f   Thumb Code   108  touch.o(.text)
    TP_Draw_Big_Point                        0x08009e0b   Thumb Code    54  touch.o(.text)
    TP_Scan                                  0x08009e41   Thumb Code   264  touch.o(.text)
    TP_Save_Adjdata                          0x08009f49   Thumb Code   146  touch.o(.text)
    TP_Get_Adjdata                           0x08009fdb   Thumb Code   152  touch.o(.text)
    TP_Adj_Info_Show                         0x0800a073   Thumb Code   376  touch.o(.text)
    TP_Adjust                                0x0800a1eb   Thumb Code  1250  touch.o(.text)
    TP_Init                                  0x0800a6cd   Thumb Code   108  touch.o(.text)
    ff_convert                               0x0800a791   Thumb Code   116  unicode.o(.text)
    ff_wtoupper                              0x0800a805   Thumb Code    46  unicode.o(.text)
    _sys_exit                                0x0800a845   Thumb Code     6  usart.o(.text)
    fputc                                    0x0800a84b   Thumb Code    24  usart.o(.text)
    uart_init                                0x0800a863   Thumb Code   152  usart.o(.text)
    USART1_IRQHandler                        0x0800a8fb   Thumb Code   122  usart.o(.text)
    usmart_sys_cmd_exe                       0x0800a985   Thumb Code  1554  usmart.o(.text)
    usmart_reset_runtime                     0x0800af97   Thumb Code    38  usmart.o(.text)
    usmart_get_runtime                       0x0800afbd   Thumb Code    56  usmart.o(.text)
    TIM4_IRQHandler                          0x0800aff5   Thumb Code    50  usmart.o(.text)
    Timer4_Init                              0x0800b027   Thumb Code    90  usmart.o(.text)
    usmart_init                              0x0800b081   Thumb Code    36  usmart.o(.text)
    usmart_cmd_rec                           0x0800b0a5   Thumb Code   170  usmart.o(.text)
    usmart_exe                               0x0800b14f   Thumb Code   876  usmart.o(.text)
    usmart_scan                              0x0800b4bb   Thumb Code   120  usmart.o(.text)
    read_addr                                0x0800b533   Thumb Code     6  usmart.o(.text)
    write_addr                               0x0800b539   Thumb Code     4  usmart.o(.text)
    usmart_strcmp                            0x0800b5c5   Thumb Code    34  usmart_str.o(.text)
    usmart_strcopy                           0x0800b5e7   Thumb Code    22  usmart_str.o(.text)
    usmart_strlen                            0x0800b5fd   Thumb Code    24  usmart_str.o(.text)
    usmart_pow                               0x0800b615   Thumb Code    22  usmart_str.o(.text)
    usmart_str2num                           0x0800b62b   Thumb Code   202  usmart_str.o(.text)
    usmart_get_cmdname                       0x0800b6f5   Thumb Code    54  usmart_str.o(.text)
    usmart_search_nextc                      0x0800b72b   Thumb Code    22  usmart_str.o(.text)
    usmart_get_fname                         0x0800b741   Thumb Code   440  usmart_str.o(.text)
    usmart_get_aparm                         0x0800b8f9   Thumb Code   200  usmart_str.o(.text)
    usmart_get_parmpos                       0x0800b9c1   Thumb Code    26  usmart_str.o(.text)
    usmart_get_fparam                        0x0800b9db   Thumb Code   262  usmart_str.o(.text)
    NVIC_PriorityGroupConfig                 0x0800baed   Thumb Code    10  misc.o(.text)
    NVIC_Init                                0x0800baf7   Thumb Code   100  misc.o(.text)
    NVIC_SetVectorTable                      0x0800bb5b   Thumb Code    14  misc.o(.text)
    NVIC_SystemLPConfig                      0x0800bb69   Thumb Code    34  misc.o(.text)
    SysTick_CLKSourceConfig                  0x0800bb8b   Thumb Code    40  misc.o(.text)
    EXTI_DeInit                              0x0800bbc9   Thumb Code    28  stm32f10x_exti.o(.text)
    EXTI_Init                                0x0800bbe5   Thumb Code   142  stm32f10x_exti.o(.text)
    EXTI_StructInit                          0x0800bc73   Thumb Code    16  stm32f10x_exti.o(.text)
    EXTI_GenerateSWInterrupt                 0x0800bc83   Thumb Code    16  stm32f10x_exti.o(.text)
    EXTI_GetFlagStatus                       0x0800bc93   Thumb Code    22  stm32f10x_exti.o(.text)
    EXTI_ClearFlag                           0x0800bca9   Thumb Code     8  stm32f10x_exti.o(.text)
    EXTI_GetITStatus                         0x0800bcb1   Thumb Code    34  stm32f10x_exti.o(.text)
    EXTI_ClearITPendingBit                   0x0800bcd3   Thumb Code     8  stm32f10x_exti.o(.text)
    GPIO_DeInit                              0x0800bce5   Thumb Code   172  stm32f10x_gpio.o(.text)
    GPIO_AFIODeInit                          0x0800bd91   Thumb Code    20  stm32f10x_gpio.o(.text)
    GPIO_Init                                0x0800bda5   Thumb Code   278  stm32f10x_gpio.o(.text)
    GPIO_StructInit                          0x0800bebb   Thumb Code    16  stm32f10x_gpio.o(.text)
    GPIO_ReadInputDataBit                    0x0800becb   Thumb Code    18  stm32f10x_gpio.o(.text)
    GPIO_ReadInputData                       0x0800bedd   Thumb Code     8  stm32f10x_gpio.o(.text)
    GPIO_ReadOutputDataBit                   0x0800bee5   Thumb Code    18  stm32f10x_gpio.o(.text)
    GPIO_ReadOutputData                      0x0800bef7   Thumb Code     8  stm32f10x_gpio.o(.text)
    GPIO_SetBits                             0x0800beff   Thumb Code     4  stm32f10x_gpio.o(.text)
    GPIO_ResetBits                           0x0800bf03   Thumb Code     4  stm32f10x_gpio.o(.text)
    GPIO_WriteBit                            0x0800bf07   Thumb Code    10  stm32f10x_gpio.o(.text)
    GPIO_Write                               0x0800bf11   Thumb Code     4  stm32f10x_gpio.o(.text)
    GPIO_PinLockConfig                       0x0800bf15   Thumb Code    18  stm32f10x_gpio.o(.text)
    GPIO_EventOutputConfig                   0x0800bf27   Thumb Code    26  stm32f10x_gpio.o(.text)
    GPIO_EventOutputCmd                      0x0800bf41   Thumb Code     6  stm32f10x_gpio.o(.text)
    GPIO_PinRemapConfig                      0x0800bf47   Thumb Code   138  stm32f10x_gpio.o(.text)
    GPIO_EXTILineConfig                      0x0800bfd1   Thumb Code    66  stm32f10x_gpio.o(.text)
    GPIO_ETH_MediaInterfaceConfig            0x0800c013   Thumb Code     8  stm32f10x_gpio.o(.text)
    RCC_DeInit                               0x0800c041   Thumb Code    64  stm32f10x_rcc.o(.text)
    RCC_HSEConfig                            0x0800c081   Thumb Code    70  stm32f10x_rcc.o(.text)
    RCC_GetFlagStatus                        0x0800c0c7   Thumb Code    56  stm32f10x_rcc.o(.text)
    RCC_WaitForHSEStartUp                    0x0800c0ff   Thumb Code    56  stm32f10x_rcc.o(.text)
    RCC_AdjustHSICalibrationValue            0x0800c137   Thumb Code    20  stm32f10x_rcc.o(.text)
    RCC_HSICmd                               0x0800c14b   Thumb Code     6  stm32f10x_rcc.o(.text)
    RCC_PLLConfig                            0x0800c151   Thumb Code    24  stm32f10x_rcc.o(.text)
    RCC_PLLCmd                               0x0800c169   Thumb Code     6  stm32f10x_rcc.o(.text)
    RCC_SYSCLKConfig                         0x0800c16f   Thumb Code    18  stm32f10x_rcc.o(.text)
    RCC_GetSYSCLKSource                      0x0800c181   Thumb Code    10  stm32f10x_rcc.o(.text)
    RCC_HCLKConfig                           0x0800c18b   Thumb Code    18  stm32f10x_rcc.o(.text)
    RCC_PCLK1Config                          0x0800c19d   Thumb Code    18  stm32f10x_rcc.o(.text)
    RCC_PCLK2Config                          0x0800c1af   Thumb Code    20  stm32f10x_rcc.o(.text)
    RCC_ITConfig                             0x0800c1c3   Thumb Code    26  stm32f10x_rcc.o(.text)
    RCC_USBCLKConfig                         0x0800c1dd   Thumb Code     8  stm32f10x_rcc.o(.text)
    RCC_ADCCLKConfig                         0x0800c1e5   Thumb Code    18  stm32f10x_rcc.o(.text)
    RCC_LSEConfig                            0x0800c1f7   Thumb Code    50  stm32f10x_rcc.o(.text)
    RCC_LSICmd                               0x0800c229   Thumb Code     6  stm32f10x_rcc.o(.text)
    RCC_RTCCLKConfig                         0x0800c22f   Thumb Code    12  stm32f10x_rcc.o(.text)
    RCC_RTCCLKCmd                            0x0800c23b   Thumb Code     8  stm32f10x_rcc.o(.text)
    RCC_GetClocksFreq                        0x0800c243   Thumb Code   192  stm32f10x_rcc.o(.text)
    RCC_AHBPeriphClockCmd                    0x0800c303   Thumb Code    26  stm32f10x_rcc.o(.text)
    RCC_APB2PeriphClockCmd                   0x0800c31d   Thumb Code    26  stm32f10x_rcc.o(.text)
    RCC_APB1PeriphClockCmd                   0x0800c337   Thumb Code    26  stm32f10x_rcc.o(.text)
    RCC_APB2PeriphResetCmd                   0x0800c351   Thumb Code    26  stm32f10x_rcc.o(.text)
    RCC_APB1PeriphResetCmd                   0x0800c36b   Thumb Code    26  stm32f10x_rcc.o(.text)
    RCC_BackupResetCmd                       0x0800c385   Thumb Code     8  stm32f10x_rcc.o(.text)
    RCC_ClockSecuritySystemCmd               0x0800c38d   Thumb Code     6  stm32f10x_rcc.o(.text)
    RCC_MCOConfig                            0x0800c393   Thumb Code     6  stm32f10x_rcc.o(.text)
    RCC_ClearFlag                            0x0800c399   Thumb Code    14  stm32f10x_rcc.o(.text)
    RCC_GetITStatus                          0x0800c3a7   Thumb Code    20  stm32f10x_rcc.o(.text)
    RCC_ClearITPendingBit                    0x0800c3bb   Thumb Code     6  stm32f10x_rcc.o(.text)
    SPI_I2S_DeInit                           0x0800c3e5   Thumb Code    76  stm32f10x_spi.o(.text)
    SPI_Init                                 0x0800c431   Thumb Code    60  stm32f10x_spi.o(.text)
    I2S_Init                                 0x0800c46d   Thumb Code   226  stm32f10x_spi.o(.text)
    SPI_StructInit                           0x0800c54f   Thumb Code    24  stm32f10x_spi.o(.text)
    I2S_StructInit                           0x0800c567   Thumb Code    20  stm32f10x_spi.o(.text)
    SPI_Cmd                                  0x0800c57b   Thumb Code    24  stm32f10x_spi.o(.text)
    I2S_Cmd                                  0x0800c593   Thumb Code    24  stm32f10x_spi.o(.text)
    SPI_I2S_ITConfig                         0x0800c5ab   Thumb Code    32  stm32f10x_spi.o(.text)
    SPI_I2S_DMACmd                           0x0800c5cb   Thumb Code    18  stm32f10x_spi.o(.text)
    SPI_I2S_SendData                         0x0800c5dd   Thumb Code     4  stm32f10x_spi.o(.text)
    SPI_I2S_ReceiveData                      0x0800c5e1   Thumb Code     6  stm32f10x_spi.o(.text)
    SPI_NSSInternalSoftwareConfig            0x0800c5e7   Thumb Code    30  stm32f10x_spi.o(.text)
    SPI_SSOutputCmd                          0x0800c605   Thumb Code    24  stm32f10x_spi.o(.text)
    SPI_DataSizeConfig                       0x0800c61d   Thumb Code    18  stm32f10x_spi.o(.text)
    SPI_TransmitCRC                          0x0800c62f   Thumb Code    10  stm32f10x_spi.o(.text)
    SPI_CalculateCRC                         0x0800c639   Thumb Code    24  stm32f10x_spi.o(.text)
    SPI_GetCRC                               0x0800c651   Thumb Code    16  stm32f10x_spi.o(.text)
    SPI_GetCRCPolynomial                     0x0800c661   Thumb Code     6  stm32f10x_spi.o(.text)
    SPI_BiDirectionalLineConfig              0x0800c667   Thumb Code    28  stm32f10x_spi.o(.text)
    SPI_I2S_GetFlagStatus                    0x0800c683   Thumb Code    18  stm32f10x_spi.o(.text)
    SPI_I2S_ClearFlag                        0x0800c695   Thumb Code     6  stm32f10x_spi.o(.text)
    SPI_I2S_GetITStatus                      0x0800c69b   Thumb Code    52  stm32f10x_spi.o(.text)
    SPI_I2S_ClearITPendingBit                0x0800c6cf   Thumb Code    20  stm32f10x_spi.o(.text)
    TIM_DeInit                               0x0800c6f1   Thumb Code   424  stm32f10x_tim.o(.text)
    TIM_TimeBaseInit                         0x0800c899   Thumb Code   122  stm32f10x_tim.o(.text)
    TIM_OC1Init                              0x0800c913   Thumb Code   132  stm32f10x_tim.o(.text)
    TIM_OC2Init                              0x0800c997   Thumb Code   154  stm32f10x_tim.o(.text)
    TIM_OC3Init                              0x0800ca31   Thumb Code   150  stm32f10x_tim.o(.text)
    TIM_OC4Init                              0x0800cac7   Thumb Code   182  stm32f10x_tim.o(.text)
    TIM_SetIC4Prescaler                      0x0800cb7d   Thumb Code    26  stm32f10x_tim.o(.text)
    TIM_SetIC3Prescaler                      0x0800cc19   Thumb Code    18  stm32f10x_tim.o(.text)
    TIM_SetIC2Prescaler                      0x0800cca5   Thumb Code    26  stm32f10x_tim.o(.text)
    TIM_SetIC1Prescaler                      0x0800cd41   Thumb Code    18  stm32f10x_tim.o(.text)
    TIM_ICInit                               0x0800cdbf   Thumb Code   150  stm32f10x_tim.o(.text)
    TIM_PWMIConfig                           0x0800ce55   Thumb Code   124  stm32f10x_tim.o(.text)
    TIM_BDTRConfig                           0x0800ced1   Thumb Code    32  stm32f10x_tim.o(.text)
    TIM_TimeBaseStructInit                   0x0800cef1   Thumb Code    18  stm32f10x_tim.o(.text)
    TIM_OCStructInit                         0x0800cf03   Thumb Code    20  stm32f10x_tim.o(.text)
    TIM_ICStructInit                         0x0800cf17   Thumb Code    18  stm32f10x_tim.o(.text)
    TIM_BDTRStructInit                       0x0800cf29   Thumb Code    40  stm32f10x_tim.o(.text)
    TIM_Cmd                                  0x0800cf51   Thumb Code    24  stm32f10x_tim.o(.text)
    TIM_CtrlPWMOutputs                       0x0800cf69   Thumb Code    30  stm32f10x_tim.o(.text)
    TIM_ITConfig                             0x0800cf87   Thumb Code    18  stm32f10x_tim.o(.text)
    TIM_GenerateEvent                        0x0800cf99   Thumb Code     4  stm32f10x_tim.o(.text)
    TIM_DMAConfig                            0x0800cf9d   Thumb Code    10  stm32f10x_tim.o(.text)
    TIM_DMACmd                               0x0800cfa7   Thumb Code    18  stm32f10x_tim.o(.text)
    TIM_InternalClockConfig                  0x0800cfb9   Thumb Code    12  stm32f10x_tim.o(.text)
    TIM_SelectInputTrigger                   0x0800cfc5   Thumb Code    18  stm32f10x_tim.o(.text)
    TIM_ITRxExternalClockConfig              0x0800cfd7   Thumb Code    24  stm32f10x_tim.o(.text)
    TIM_TIxExternalClockConfig               0x0800cfef   Thumb Code    62  stm32f10x_tim.o(.text)
    TIM_ETRConfig                            0x0800d02d   Thumb Code    28  stm32f10x_tim.o(.text)
    TIM_ETRClockMode1Config                  0x0800d049   Thumb Code    54  stm32f10x_tim.o(.text)
    TIM_ETRClockMode2Config                  0x0800d07f   Thumb Code    32  stm32f10x_tim.o(.text)
    TIM_PrescalerConfig                      0x0800d09f   Thumb Code     6  stm32f10x_tim.o(.text)
    TIM_CounterModeConfig                    0x0800d0a5   Thumb Code    18  stm32f10x_tim.o(.text)
    TIM_EncoderInterfaceConfig               0x0800d0b7   Thumb Code    66  stm32f10x_tim.o(.text)
    TIM_ForcedOC1Config                      0x0800d0f9   Thumb Code    18  stm32f10x_tim.o(.text)
    TIM_ForcedOC2Config                      0x0800d10b   Thumb Code    26  stm32f10x_tim.o(.text)
    TIM_ForcedOC3Config                      0x0800d125   Thumb Code    18  stm32f10x_tim.o(.text)
    TIM_ForcedOC4Config                      0x0800d137   Thumb Code    26  stm32f10x_tim.o(.text)
    TIM_ARRPreloadConfig                     0x0800d151   Thumb Code    24  stm32f10x_tim.o(.text)
    TIM_SelectCOM                            0x0800d169   Thumb Code    24  stm32f10x_tim.o(.text)
    TIM_SelectCCDMA                          0x0800d181   Thumb Code    24  stm32f10x_tim.o(.text)
    TIM_CCPreloadControl                     0x0800d199   Thumb Code    24  stm32f10x_tim.o(.text)
    TIM_OC1PreloadConfig                     0x0800d1b1   Thumb Code    18  stm32f10x_tim.o(.text)
    TIM_OC2PreloadConfig                     0x0800d1c3   Thumb Code    26  stm32f10x_tim.o(.text)
    TIM_OC3PreloadConfig                     0x0800d1dd   Thumb Code    18  stm32f10x_tim.o(.text)
    TIM_OC4PreloadConfig                     0x0800d1ef   Thumb Code    26  stm32f10x_tim.o(.text)
    TIM_OC1FastConfig                        0x0800d209   Thumb Code    18  stm32f10x_tim.o(.text)
    TIM_OC2FastConfig                        0x0800d21b   Thumb Code    26  stm32f10x_tim.o(.text)
    TIM_OC3FastConfig                        0x0800d235   Thumb Code    18  stm32f10x_tim.o(.text)
    TIM_OC4FastConfig                        0x0800d247   Thumb Code    26  stm32f10x_tim.o(.text)
    TIM_ClearOC1Ref                          0x0800d261   Thumb Code    18  stm32f10x_tim.o(.text)
    TIM_ClearOC2Ref                          0x0800d273   Thumb Code    24  stm32f10x_tim.o(.text)
    TIM_ClearOC3Ref                          0x0800d28b   Thumb Code    18  stm32f10x_tim.o(.text)
    TIM_ClearOC4Ref                          0x0800d29d   Thumb Code    24  stm32f10x_tim.o(.text)
    TIM_OC1PolarityConfig                    0x0800d2b5   Thumb Code    18  stm32f10x_tim.o(.text)
    TIM_OC1NPolarityConfig                   0x0800d2c7   Thumb Code    18  stm32f10x_tim.o(.text)
    TIM_OC2PolarityConfig                    0x0800d2d9   Thumb Code    26  stm32f10x_tim.o(.text)
    TIM_OC2NPolarityConfig                   0x0800d2f3   Thumb Code    26  stm32f10x_tim.o(.text)
    TIM_OC3PolarityConfig                    0x0800d30d   Thumb Code    26  stm32f10x_tim.o(.text)
    TIM_OC3NPolarityConfig                   0x0800d327   Thumb Code    26  stm32f10x_tim.o(.text)
    TIM_OC4PolarityConfig                    0x0800d341   Thumb Code    26  stm32f10x_tim.o(.text)
    TIM_CCxCmd                               0x0800d35b   Thumb Code    30  stm32f10x_tim.o(.text)
    TIM_CCxNCmd                              0x0800d379   Thumb Code    30  stm32f10x_tim.o(.text)
    TIM_SelectOCxM                           0x0800d397   Thumb Code    82  stm32f10x_tim.o(.text)
    TIM_UpdateDisableConfig                  0x0800d3e9   Thumb Code    24  stm32f10x_tim.o(.text)
    TIM_UpdateRequestConfig                  0x0800d401   Thumb Code    24  stm32f10x_tim.o(.text)
    TIM_SelectHallSensor                     0x0800d419   Thumb Code    24  stm32f10x_tim.o(.text)
    TIM_SelectOnePulseMode                   0x0800d431   Thumb Code    18  stm32f10x_tim.o(.text)
    TIM_SelectOutputTrigger                  0x0800d443   Thumb Code    18  stm32f10x_tim.o(.text)
    TIM_SelectSlaveMode                      0x0800d455   Thumb Code    18  stm32f10x_tim.o(.text)
    TIM_SelectMasterSlaveMode                0x0800d467   Thumb Code    18  stm32f10x_tim.o(.text)
    TIM_SetCounter                           0x0800d479   Thumb Code     4  stm32f10x_tim.o(.text)
    TIM_SetAutoreload                        0x0800d47d   Thumb Code     4  stm32f10x_tim.o(.text)
    TIM_SetCompare1                          0x0800d481   Thumb Code     4  stm32f10x_tim.o(.text)
    TIM_SetCompare2                          0x0800d485   Thumb Code     4  stm32f10x_tim.o(.text)
    TIM_SetCompare3                          0x0800d489   Thumb Code     4  stm32f10x_tim.o(.text)
    TIM_SetCompare4                          0x0800d48d   Thumb Code     6  stm32f10x_tim.o(.text)
    TIM_SetClockDivision                     0x0800d493   Thumb Code    18  stm32f10x_tim.o(.text)
    TIM_GetCapture1                          0x0800d4a5   Thumb Code     6  stm32f10x_tim.o(.text)
    TIM_GetCapture2                          0x0800d4ab   Thumb Code     6  stm32f10x_tim.o(.text)
    TIM_GetCapture3                          0x0800d4b1   Thumb Code     6  stm32f10x_tim.o(.text)
    TIM_GetCapture4                          0x0800d4b7   Thumb Code     8  stm32f10x_tim.o(.text)
    TIM_GetCounter                           0x0800d4bf   Thumb Code     6  stm32f10x_tim.o(.text)
    TIM_GetPrescaler                         0x0800d4c5   Thumb Code     6  stm32f10x_tim.o(.text)
    TIM_GetFlagStatus                        0x0800d4cb   Thumb Code    18  stm32f10x_tim.o(.text)
    TIM_ClearFlag                            0x0800d4dd   Thumb Code     6  stm32f10x_tim.o(.text)
    TIM_GetITStatus                          0x0800d4e3   Thumb Code    34  stm32f10x_tim.o(.text)
    TIM_ClearITPendingBit                    0x0800d505   Thumb Code     6  stm32f10x_tim.o(.text)
    USART_DeInit                             0x0800d50d   Thumb Code   134  stm32f10x_usart.o(.text)
    USART_Init                               0x0800d593   Thumb Code   210  stm32f10x_usart.o(.text)
    USART_StructInit                         0x0800d665   Thumb Code    24  stm32f10x_usart.o(.text)
    USART_ClockInit                          0x0800d67d   Thumb Code    34  stm32f10x_usart.o(.text)
    USART_ClockStructInit                    0x0800d69f   Thumb Code    12  stm32f10x_usart.o(.text)
    USART_Cmd                                0x0800d6ab   Thumb Code    24  stm32f10x_usart.o(.text)
    USART_ITConfig                           0x0800d6c3   Thumb Code    74  stm32f10x_usart.o(.text)
    USART_DMACmd                             0x0800d70d   Thumb Code    18  stm32f10x_usart.o(.text)
    USART_SetAddress                         0x0800d71f   Thumb Code    18  stm32f10x_usart.o(.text)
    USART_WakeUpConfig                       0x0800d731   Thumb Code    18  stm32f10x_usart.o(.text)
    USART_ReceiverWakeUpCmd                  0x0800d743   Thumb Code    24  stm32f10x_usart.o(.text)
    USART_LINBreakDetectLengthConfig         0x0800d75b   Thumb Code    18  stm32f10x_usart.o(.text)
    USART_LINCmd                             0x0800d76d   Thumb Code    24  stm32f10x_usart.o(.text)
    USART_SendData                           0x0800d785   Thumb Code     8  stm32f10x_usart.o(.text)
    USART_ReceiveData                        0x0800d78d   Thumb Code    10  stm32f10x_usart.o(.text)
    USART_SendBreak                          0x0800d797   Thumb Code    10  stm32f10x_usart.o(.text)
    USART_SetGuardTime                       0x0800d7a1   Thumb Code    16  stm32f10x_usart.o(.text)
    USART_SetPrescaler                       0x0800d7b1   Thumb Code    16  stm32f10x_usart.o(.text)
    USART_SmartCardCmd                       0x0800d7c1   Thumb Code    24  stm32f10x_usart.o(.text)
    USART_SmartCardNACKCmd                   0x0800d7d9   Thumb Code    24  stm32f10x_usart.o(.text)
    USART_HalfDuplexCmd                      0x0800d7f1   Thumb Code    24  stm32f10x_usart.o(.text)
    USART_OverSampling8Cmd                   0x0800d809   Thumb Code    22  stm32f10x_usart.o(.text)
    USART_OneBitMethodCmd                    0x0800d81f   Thumb Code    24  stm32f10x_usart.o(.text)
    USART_IrDAConfig                         0x0800d837   Thumb Code    18  stm32f10x_usart.o(.text)
    USART_IrDACmd                            0x0800d849   Thumb Code    24  stm32f10x_usart.o(.text)
    USART_GetFlagStatus                      0x0800d861   Thumb Code    26  stm32f10x_usart.o(.text)
    USART_ClearFlag                          0x0800d87b   Thumb Code    18  stm32f10x_usart.o(.text)
    USART_GetITStatus                        0x0800d88d   Thumb Code    84  stm32f10x_usart.o(.text)
    USART_ClearITPendingBit                  0x0800d8e1   Thumb Code    52  stm32f10x_usart.o(.text)
    Reset_Handler                            0x0800d915   Thumb Code     8  startup_stm32f10x_hd.o(.text)
    NMI_Handler                              0x0800d91d   Thumb Code     2  startup_stm32f10x_hd.o(.text)
    HardFault_Handler                        0x0800d91f   Thumb Code     2  startup_stm32f10x_hd.o(.text)
    MemManage_Handler                        0x0800d921   Thumb Code     2  startup_stm32f10x_hd.o(.text)
    BusFault_Handler                         0x0800d923   Thumb Code     2  startup_stm32f10x_hd.o(.text)
    UsageFault_Handler                       0x0800d925   Thumb Code     2  startup_stm32f10x_hd.o(.text)
    SVC_Handler                              0x0800d927   Thumb Code     2  startup_stm32f10x_hd.o(.text)
    DebugMon_Handler                         0x0800d929   Thumb Code     2  startup_stm32f10x_hd.o(.text)
    PendSV_Handler                           0x0800d92b   Thumb Code     2  startup_stm32f10x_hd.o(.text)
    SysTick_Handler                          0x0800d92d   Thumb Code     2  startup_stm32f10x_hd.o(.text)
    ADC1_2_IRQHandler                        0x0800d92f   Thumb Code     0  startup_stm32f10x_hd.o(.text)
    ADC3_IRQHandler                          0x0800d92f   Thumb Code     0  startup_stm32f10x_hd.o(.text)
    CAN1_RX1_IRQHandler                      0x0800d92f   Thumb Code     0  startup_stm32f10x_hd.o(.text)
    CAN1_SCE_IRQHandler                      0x0800d92f   Thumb Code     0  startup_stm32f10x_hd.o(.text)
    DMA1_Channel1_IRQHandler                 0x0800d92f   Thumb Code     0  startup_stm32f10x_hd.o(.text)
    DMA1_Channel2_IRQHandler                 0x0800d92f   Thumb Code     0  startup_stm32f10x_hd.o(.text)
    DMA1_Channel3_IRQHandler                 0x0800d92f   Thumb Code     0  startup_stm32f10x_hd.o(.text)
    DMA1_Channel4_IRQHandler                 0x0800d92f   Thumb Code     0  startup_stm32f10x_hd.o(.text)
    DMA1_Channel5_IRQHandler                 0x0800d92f   Thumb Code     0  startup_stm32f10x_hd.o(.text)
    DMA1_Channel6_IRQHandler                 0x0800d92f   Thumb Code     0  startup_stm32f10x_hd.o(.text)
    DMA1_Channel7_IRQHandler                 0x0800d92f   Thumb Code     0  startup_stm32f10x_hd.o(.text)
    DMA2_Channel1_IRQHandler                 0x0800d92f   Thumb Code     0  startup_stm32f10x_hd.o(.text)
    DMA2_Channel2_IRQHandler                 0x0800d92f   Thumb Code     0  startup_stm32f10x_hd.o(.text)
    DMA2_Channel3_IRQHandler                 0x0800d92f   Thumb Code     0  startup_stm32f10x_hd.o(.text)
    DMA2_Channel4_5_IRQHandler               0x0800d92f   Thumb Code     0  startup_stm32f10x_hd.o(.text)
    EXTI0_IRQHandler                         0x0800d92f   Thumb Code     0  startup_stm32f10x_hd.o(.text)
    EXTI1_IRQHandler                         0x0800d92f   Thumb Code     0  startup_stm32f10x_hd.o(.text)
    EXTI2_IRQHandler                         0x0800d92f   Thumb Code     0  startup_stm32f10x_hd.o(.text)
    EXTI3_IRQHandler                         0x0800d92f   Thumb Code     0  startup_stm32f10x_hd.o(.text)
    EXTI4_IRQHandler                         0x0800d92f   Thumb Code     0  startup_stm32f10x_hd.o(.text)
    EXTI9_5_IRQHandler                       0x0800d92f   Thumb Code     0  startup_stm32f10x_hd.o(.text)
    FLASH_IRQHandler                         0x0800d92f   Thumb Code     0  startup_stm32f10x_hd.o(.text)
    FSMC_IRQHandler                          0x0800d92f   Thumb Code     0  startup_stm32f10x_hd.o(.text)
    I2C1_ER_IRQHandler                       0x0800d92f   Thumb Code     0  startup_stm32f10x_hd.o(.text)
    I2C1_EV_IRQHandler                       0x0800d92f   Thumb Code     0  startup_stm32f10x_hd.o(.text)
    I2C2_ER_IRQHandler                       0x0800d92f   Thumb Code     0  startup_stm32f10x_hd.o(.text)
    I2C2_EV_IRQHandler                       0x0800d92f   Thumb Code     0  startup_stm32f10x_hd.o(.text)
    PVD_IRQHandler                           0x0800d92f   Thumb Code     0  startup_stm32f10x_hd.o(.text)
    RCC_IRQHandler                           0x0800d92f   Thumb Code     0  startup_stm32f10x_hd.o(.text)
    RTCAlarm_IRQHandler                      0x0800d92f   Thumb Code     0  startup_stm32f10x_hd.o(.text)
    RTC_IRQHandler                           0x0800d92f   Thumb Code     0  startup_stm32f10x_hd.o(.text)
    SDIO_IRQHandler                          0x0800d92f   Thumb Code     0  startup_stm32f10x_hd.o(.text)
    SPI1_IRQHandler                          0x0800d92f   Thumb Code     0  startup_stm32f10x_hd.o(.text)
    SPI2_IRQHandler                          0x0800d92f   Thumb Code     0  startup_stm32f10x_hd.o(.text)
    SPI3_IRQHandler                          0x0800d92f   Thumb Code     0  startup_stm32f10x_hd.o(.text)
    TAMPER_IRQHandler                        0x0800d92f   Thumb Code     0  startup_stm32f10x_hd.o(.text)
    TIM1_BRK_IRQHandler                      0x0800d92f   Thumb Code     0  startup_stm32f10x_hd.o(.text)
    TIM1_CC_IRQHandler                       0x0800d92f   Thumb Code     0  startup_stm32f10x_hd.o(.text)
    TIM1_TRG_COM_IRQHandler                  0x0800d92f   Thumb Code     0  startup_stm32f10x_hd.o(.text)
    TIM1_UP_IRQHandler                       0x0800d92f   Thumb Code     0  startup_stm32f10x_hd.o(.text)
    TIM2_IRQHandler                          0x0800d92f   Thumb Code     0  startup_stm32f10x_hd.o(.text)
    TIM3_IRQHandler                          0x0800d92f   Thumb Code     0  startup_stm32f10x_hd.o(.text)
    TIM6_IRQHandler                          0x0800d92f   Thumb Code     0  startup_stm32f10x_hd.o(.text)
    TIM7_IRQHandler                          0x0800d92f   Thumb Code     0  startup_stm32f10x_hd.o(.text)
    TIM8_BRK_IRQHandler                      0x0800d92f   Thumb Code     0  startup_stm32f10x_hd.o(.text)
    TIM8_CC_IRQHandler                       0x0800d92f   Thumb Code     0  startup_stm32f10x_hd.o(.text)
    TIM8_TRG_COM_IRQHandler                  0x0800d92f   Thumb Code     0  startup_stm32f10x_hd.o(.text)
    TIM8_UP_IRQHandler                       0x0800d92f   Thumb Code     0  startup_stm32f10x_hd.o(.text)
    UART4_IRQHandler                         0x0800d92f   Thumb Code     0  startup_stm32f10x_hd.o(.text)
    UART5_IRQHandler                         0x0800d92f   Thumb Code     0  startup_stm32f10x_hd.o(.text)
    USART2_IRQHandler                        0x0800d92f   Thumb Code     0  startup_stm32f10x_hd.o(.text)
    USART3_IRQHandler                        0x0800d92f   Thumb Code     0  startup_stm32f10x_hd.o(.text)
    USBWakeUp_IRQHandler                     0x0800d92f   Thumb Code     0  startup_stm32f10x_hd.o(.text)
    USB_HP_CAN1_TX_IRQHandler                0x0800d92f   Thumb Code     0  startup_stm32f10x_hd.o(.text)
    USB_LP_CAN1_RX0_IRQHandler               0x0800d92f   Thumb Code     0  startup_stm32f10x_hd.o(.text)
    WWDG_IRQHandler                          0x0800d92f   Thumb Code     0  startup_stm32f10x_hd.o(.text)
    __user_initial_stackheap                 0x0800d931   Thumb Code     0  startup_stm32f10x_hd.o(.text)
    SystemInit                               0x0800da33   Thumb Code    78  system_stm32f10x.o(.text)
    SystemCoreClockUpdate                    0x0800da81   Thumb Code   142  system_stm32f10x.o(.text)
    __use_no_semihosting                     0x0800db35   Thumb Code     2  use_no_semi_2.o(.text)
    __2printf                                0x0800db39   Thumb Code    20  noretval__2printf.o(.text)
    _printf_pre_padding                      0x0800db51   Thumb Code    44  _printf_pad.o(.text)
    _printf_post_padding                     0x0800db7d   Thumb Code    34  _printf_pad.o(.text)
    _printf_str                              0x0800db9f   Thumb Code    82  _printf_str.o(.text)
    _printf_int_dec                          0x0800dbf1   Thumb Code   104  _printf_dec.o(.text)
    _printf_int_hex                          0x0800dc69   Thumb Code    84  _printf_hex_int.o(.text)
    _printf_longlong_hex                     0x0800dc69   Thumb Code     0  _printf_hex_int.o(.text)
    __printf                                 0x0800dcc1   Thumb Code   388  __printf_flags_ss_wp.o(.text)
    strcpy                                   0x0800de49   Thumb Code    72  strcpy.o(.text)
    strcat                                   0x0800de91   Thumb Code    24  strcat.o(.text)
    strcmp                                   0x0800dea9   Thumb Code   128  strcmpv7m.o(.text)
    __use_two_region_memory                  0x0800df29   Thumb Code     2  heapauxi.o(.text)
    __rt_heap_escrow$2region                 0x0800df2b   Thumb Code     2  heapauxi.o(.text)
    __rt_heap_expand$2region                 0x0800df2d   Thumb Code     2  heapauxi.o(.text)
    __I$use$semihosting                      0x0800df2f   Thumb Code     0  use_no_semi.o(.text)
    __use_no_semihosting_swi                 0x0800df2f   Thumb Code     2  use_no_semi.o(.text)
    __read_errno                             0x0800df31   Thumb Code    10  _rserrno.o(.text)
    __set_errno                              0x0800df3b   Thumb Code    12  _rserrno.o(.text)
    _printf_int_common                       0x0800df47   Thumb Code   178  _printf_intcommon.o(.text)
    _printf_cs_common                        0x0800dff9   Thumb Code    20  _printf_char.o(.text)
    _printf_char                             0x0800e00d   Thumb Code    16  _printf_char.o(.text)
    _printf_string                           0x0800e01d   Thumb Code     8  _printf_char.o(.text)
    _printf_char_file                        0x0800e025   Thumb Code    32  _printf_char_file.o(.text)
    __aeabi_errno_addr                       0x0800e049   Thumb Code     8  rt_errno_addr_intlibspace.o(.text)
    __errno$intlibspace                      0x0800e049   Thumb Code     0  rt_errno_addr_intlibspace.o(.text)
    __rt_errno_addr$intlibspace              0x0800e049   Thumb Code     0  rt_errno_addr_intlibspace.o(.text)
    _printf_char_common                      0x0800e05b   Thumb Code    32  _printf_char_common.o(.text)
    ferror                                   0x0800e081   Thumb Code     8  ferror.o(.text)
    __user_libspace                          0x0800e089   Thumb Code     8  libspace.o(.text)
    __user_perproc_libspace                  0x0800e089   Thumb Code     0  libspace.o(.text)
    __user_perthread_libspace                0x0800e089   Thumb Code     0  libspace.o(.text)
    __user_setup_stackheap                   0x0800e091   Thumb Code    74  sys_stackheap_outer.o(.text)
    exit                                     0x0800e0db   Thumb Code    12  exit.o(.text)
    _is_digit                                0x0800e0e7   Thumb Code    14  __printf_wp.o(i._is_digit)
    sqrt                                     0x0800e0f5   Thumb Code    76  sqrt.o(i.sqrt)
    __fpl_dcmp_Inf                           0x0800e141   Thumb Code    24  dcmpi.o(x$fpl$dcmpinf)
    __aeabi_d2uiz                            0x0800e159   Thumb Code     0  dfixu.o(x$fpl$dfixu)
    _dfixu                                   0x0800e159   Thumb Code    90  dfixu.o(x$fpl$dfixu)
    __aeabi_ui2d                             0x0800e1b3   Thumb Code     0  dflt_clz.o(x$fpl$dfltu)
    _dfltu                                   0x0800e1b3   Thumb Code    38  dflt_clz.o(x$fpl$dfltu)
    __aeabi_cdcmple                          0x0800e1d9   Thumb Code     0  dleqf.o(x$fpl$dleqf)
    _dcmple                                  0x0800e1d9   Thumb Code   120  dleqf.o(x$fpl$dleqf)
    __fpl_dcmple_InfNaN                      0x0800e23b   Thumb Code     0  dleqf.o(x$fpl$dleqf)
    __aeabi_dmul                             0x0800e251   Thumb Code     0  dmul.o(x$fpl$dmul)
    _dmul                                    0x0800e251   Thumb Code   332  dmul.o(x$fpl$dmul)
    __fpl_dnaninf                            0x0800e3a5   Thumb Code   156  dnaninf.o(x$fpl$dnaninf)
    __fpl_dretinf                            0x0800e441   Thumb Code    12  dretinf.o(x$fpl$dretinf)
    __aeabi_cdrcmple                         0x0800e44d   Thumb Code     0  drleqf.o(x$fpl$drleqf)
    _drcmple                                 0x0800e44d   Thumb Code   108  drleqf.o(x$fpl$drleqf)
    _dsqrt                                   0x0800e4b9   Thumb Code   456  dsqrt_noumaal.o(x$fpl$dsqrt)
    __aeabi_f2d                              0x0800e685   Thumb Code     0  f2d.o(x$fpl$f2d)
    _f2d                                     0x0800e685   Thumb Code    86  f2d.o(x$fpl$f2d)
    __aeabi_fadd                             0x0800e6dd   Thumb Code     0  faddsub_clz.o(x$fpl$fadd)
    _fadd                                    0x0800e6dd   Thumb Code   196  faddsub_clz.o(x$fpl$fadd)
    __fpl_fcmp_Inf                           0x0800e7a1   Thumb Code    24  fcmpi.o(x$fpl$fcmpinf)
    __aeabi_fdiv                             0x0800e7b9   Thumb Code     0  fdiv.o(x$fpl$fdiv)
    _fdiv                                    0x0800e7b9   Thumb Code   384  fdiv.o(x$fpl$fdiv)
    __aeabi_f2iz                             0x0800e93d   Thumb Code     0  ffix.o(x$fpl$ffix)
    _ffix                                    0x0800e93d   Thumb Code    54  ffix.o(x$fpl$ffix)
    __aeabi_f2uiz                            0x0800e975   Thumb Code     0  ffixu.o(x$fpl$ffixu)
    _ffixu                                   0x0800e975   Thumb Code    62  ffixu.o(x$fpl$ffixu)
    __aeabi_i2f                              0x0800e9b5   Thumb Code     0  fflt_clz.o(x$fpl$fflt)
    _fflt                                    0x0800e9b5   Thumb Code    48  fflt_clz.o(x$fpl$fflt)
    __aeabi_ui2f                             0x0800e9e5   Thumb Code     0  fflt_clz.o(x$fpl$ffltu)
    _ffltu                                   0x0800e9e5   Thumb Code    38  fflt_clz.o(x$fpl$ffltu)
    __aeabi_cfcmple                          0x0800ea0d   Thumb Code     0  fleqf.o(x$fpl$fleqf)
    _fcmple                                  0x0800ea0d   Thumb Code   104  fleqf.o(x$fpl$fleqf)
    __fpl_fcmple_InfNaN                      0x0800ea5f   Thumb Code     0  fleqf.o(x$fpl$fleqf)
    __aeabi_fmul                             0x0800ea75   Thumb Code     0  fmul.o(x$fpl$fmul)
    _fmul                                    0x0800ea75   Thumb Code   258  fmul.o(x$fpl$fmul)
    __fpl_fnaninf                            0x0800eb77   Thumb Code   140  fnaninf.o(x$fpl$fnaninf)
    __fpl_fretinf                            0x0800ec03   Thumb Code    10  fretinf.o(x$fpl$fretinf)
    __aeabi_cfrcmple                         0x0800ec0d   Thumb Code     0  frleqf.o(x$fpl$frleqf)
    _frcmple                                 0x0800ec0d   Thumb Code    98  frleqf.o(x$fpl$frleqf)
    __aeabi_fsub                             0x0800ec71   Thumb Code     0  faddsub_clz.o(x$fpl$fsub)
    _fsub                                    0x0800ec71   Thumb Code   234  faddsub_clz.o(x$fpl$fsub)
    __I$use$fp                               0x0800ed5a   Number         0  usenofp.o(x$fpl$usenofp)
    _aMaskTbl                                0x0800ed94   Data          32  gif.o(.constdata)
    _aInterlaceOffset                        0x0800edb4   Data           4  gif.o(.constdata)
    _aInterlaceYPos                          0x0800edb8   Data           4  gif.o(.constdata)
    asc2_1206                                0x0800edbc   Data        1140  lcd.o(.constdata)
    asc2_1608                                0x0800f230   Data        1520  lcd.o(.constdata)
    asc2_2412                                0x0800f820   Data        3420  lcd.o(.constdata)
    ov7670_init_reg_tbl                      0x0801057c   Data         230  ov7670.o(.constdata)
    TP_ADJDIS_TBL                            0x08010b22   Data          12  touch.o(.constdata)
    Region$$Table$$Base                      0x0803ba90   Number         0  anon$$obj.o(Region$$Table)
    Region$$Table$$Limit                     0x0803bab0   Number         0  anon$$obj.o(Region$$Table)
    FILE_TYPE_TBL                            0x20000004   Data         312  exfuns.o(.data)
    fs                                       0x2000013c   Data           4  exfuns.o(.data)
    file                                     0x20000140   Data           4  exfuns.o(.data)
    ftemp                                    0x20000144   Data           4  exfuns.o(.data)
    br                                       0x20000148   Data           4  exfuns.o(.data)
    bw                                       0x2000014c   Data           4  exfuns.o(.data)
    fatbuf                                   0x20000150   Data           4  exfuns.o(.data)
    ov_sta                                   0x20000154   Data           1  exti.o(.data)
    gifdecoding                              0x20000162   Data           1  gif.o(.data)
    POINT_COLOR                              0x20000164   Data           2  lcd.o(.data)
    BACK_COLOR                               0x20000166   Data           2  lcd.o(.data)
    mallco_dev                               0x20000168   Data          20  malloc.o(.data)
    SD_Type                                  0x2000017c   Data           1  mmc_sd.o(.data)
    RmtSta                                   0x20000180   Data           1  remote.o(.data)
    Dval                                     0x20000182   Data           2  remote.o(.data)
    RmtRec                                   0x20000184   Data           4  remote.o(.data)
    RmtCnt                                   0x20000188   Data           1  remote.o(.data)
    f_jpeg                                   0x2000018c   Data           4  tjpgd.o(.data)
    jpeg_dev                                 0x20000190   Data           4  tjpgd.o(.data)
    jpg_buffer                               0x20000194   Data           4  tjpgd.o(.data)
    tp_dev                                   0x20000198   Data          52  touch.o(.data)
    CMD_RDX                                  0x200001cc   Data           1  touch.o(.data)
    CMD_RDY                                  0x200001cd   Data           1  touch.o(.data)
    TP_REMIND_MSG_TBL                        0x200001d0   Data           4  touch.o(.data)
    __stdout                                 0x200001d4   Data           4  usart.o(.data)
    USART_RX_STA                             0x200001d8   Data           2  usart.o(.data)
    sys_cmd_tab                              0x200001dc   Data          28  usmart.o(.data)
    usmart_nametab                           0x200001f8   Data          88  usmart_config.o(.data)
    usmart_dev                               0x20000250   Data         244  usmart_config.o(.data)
    SystemCoreClock                          0x20000358   Data           4  system_stm32f10x.o(.data)
    AHBPrescTable                            0x2000035c   Data          16  system_stm32f10x.o(.data)
    lcddev                                   0x2000036c   Data          14  lcd.o(.bss)
    membase                                  0x2000037c   Data       35840  malloc.o(.bss)
    memmapbase                               0x20008f7c   Data        2240  malloc.o(.bss)
    picinfo                                  0x2000983c   Data          40  piclib.o(.bss)
    pic_phy                                  0x20009864   Data          20  piclib.o(.bss)
    SPI_InitStructure                        0x20009878   Data          18  spi.o(.bss)
    USART_RX_BUF                             0x2000988a   Data         200  usart.o(.bss)
    __libspace_start                         0x20009954   Data          96  libspace.o(.bss)
    __temporary_stack_top$libspace           0x200099b4   Data           0  libspace.o(.bss)



==============================================================================

Memory Map of the image

  Image Entry point : 0x08000131

  Load Region LR_IROM1 (Base: 0x08000000, Size: 0x0003be1c, Max: 0x00040000, ABSOLUTE, COMPRESSED[0x0003bbb8])

    Execution Region ER_IROM1 (Base: 0x08000000, Size: 0x0003bab0, Max: 0x00040000, ABSOLUTE)

    Base Addr    Size         Type   Attr      Idx    E Section Name        Object

    0x08000000   0x00000130   Data   RO         1322    RESET               startup_stm32f10x_hd.o
    0x08000130   0x00000008   Code   RO         1428  * !!!main             c_w.l(__main.o)
    0x08000138   0x00000034   Code   RO         1683    !!!scatter          c_w.l(__scatter.o)
    0x0800016c   0x0000005a   Code   RO         1681    !!dczerorl2         c_w.l(__dczerorl2.o)
    0x080001c6   0x00000002   PAD
    0x080001c8   0x0000001c   Code   RO         1685    !!handler_zi        c_w.l(__scatter_zi.o)
    0x080001e4   0x00000000   Code   RO         1419    .ARM.Collect$$_printf_percent$$00000000  c_w.l(_printf_percent.o)
    0x080001e4   0x00000006   Code   RO         1417    .ARM.Collect$$_printf_percent$$00000009  c_w.l(_printf_d.o)
    0x080001ea   0x00000006   Code   RO         1418    .ARM.Collect$$_printf_percent$$0000000A  c_w.l(_printf_u.o)
    0x080001f0   0x00000006   Code   RO         1416    .ARM.Collect$$_printf_percent$$0000000C  c_w.l(_printf_x.o)
    0x080001f6   0x00000006   Code   RO         1414    .ARM.Collect$$_printf_percent$$00000013  c_w.l(_printf_c.o)
    0x080001fc   0x00000006   Code   RO         1415    .ARM.Collect$$_printf_percent$$00000014  c_w.l(_printf_s.o)
    0x08000202   0x00000004   Code   RO         1503    .ARM.Collect$$_printf_percent$$00000017  c_w.l(_printf_percent_end.o)
    0x08000206   0x00000002   Code   RO         1559    .ARM.Collect$$libinit$$00000000  c_w.l(libinit.o)
    0x08000208   0x00000000   Code   RO         1563    .ARM.Collect$$libinit$$00000002  c_w.l(libinit2.o)
    0x08000208   0x00000000   Code   RO         1565    .ARM.Collect$$libinit$$00000004  c_w.l(libinit2.o)
    0x08000208   0x00000000   Code   RO         1568    .ARM.Collect$$libinit$$0000000A  c_w.l(libinit2.o)
    0x08000208   0x00000000   Code   RO         1570    .ARM.Collect$$libinit$$0000000C  c_w.l(libinit2.o)
    0x08000208   0x00000000   Code   RO         1572    .ARM.Collect$$libinit$$0000000E  c_w.l(libinit2.o)
    0x08000208   0x00000000   Code   RO         1575    .ARM.Collect$$libinit$$00000011  c_w.l(libinit2.o)
    0x08000208   0x00000000   Code   RO         1577    .ARM.Collect$$libinit$$00000013  c_w.l(libinit2.o)
    0x08000208   0x00000000   Code   RO         1579    .ARM.Collect$$libinit$$00000015  c_w.l(libinit2.o)
    0x08000208   0x00000000   Code   RO         1581    .ARM.Collect$$libinit$$00000017  c_w.l(libinit2.o)
    0x08000208   0x00000000   Code   RO         1583    .ARM.Collect$$libinit$$00000019  c_w.l(libinit2.o)
    0x08000208   0x00000000   Code   RO         1585    .ARM.Collect$$libinit$$0000001B  c_w.l(libinit2.o)
    0x08000208   0x00000000   Code   RO         1587    .ARM.Collect$$libinit$$0000001D  c_w.l(libinit2.o)
    0x08000208   0x00000000   Code   RO         1589    .ARM.Collect$$libinit$$0000001F  c_w.l(libinit2.o)
    0x08000208   0x00000000   Code   RO         1591    .ARM.Collect$$libinit$$00000021  c_w.l(libinit2.o)
    0x08000208   0x00000000   Code   RO         1593    .ARM.Collect$$libinit$$00000023  c_w.l(libinit2.o)
    0x08000208   0x00000000   Code   RO         1595    .ARM.Collect$$libinit$$00000025  c_w.l(libinit2.o)
    0x08000208   0x00000000   Code   RO         1599    .ARM.Collect$$libinit$$0000002C  c_w.l(libinit2.o)
    0x08000208   0x00000000   Code   RO         1601    .ARM.Collect$$libinit$$0000002E  c_w.l(libinit2.o)
    0x08000208   0x00000000   Code   RO         1603    .ARM.Collect$$libinit$$00000030  c_w.l(libinit2.o)
    0x08000208   0x00000000   Code   RO         1605    .ARM.Collect$$libinit$$00000032  c_w.l(libinit2.o)
    0x08000208   0x00000002   Code   RO         1606    .ARM.Collect$$libinit$$00000033  c_w.l(libinit2.o)
    0x0800020a   0x00000002   Code   RO         1624    .ARM.Collect$$libshutdown$$00000000  c_w.l(libshutdown.o)
    0x0800020c   0x00000000   Code   RO         1635    .ARM.Collect$$libshutdown$$00000003  c_w.l(libshutdown2.o)
    0x0800020c   0x00000000   Code   RO         1638    .ARM.Collect$$libshutdown$$00000006  c_w.l(libshutdown2.o)
    0x0800020c   0x00000000   Code   RO         1641    .ARM.Collect$$libshutdown$$00000009  c_w.l(libshutdown2.o)
    0x0800020c   0x00000000   Code   RO         1643    .ARM.Collect$$libshutdown$$0000000B  c_w.l(libshutdown2.o)
    0x0800020c   0x00000000   Code   RO         1646    .ARM.Collect$$libshutdown$$0000000E  c_w.l(libshutdown2.o)
    0x0800020c   0x00000002   Code   RO         1647    .ARM.Collect$$libshutdown$$0000000F  c_w.l(libshutdown2.o)
    0x0800020e   0x00000000   Code   RO         1494    .ARM.Collect$$rtentry$$00000000  c_w.l(__rtentry.o)
    0x0800020e   0x00000000   Code   RO         1520    .ARM.Collect$$rtentry$$00000002  c_w.l(__rtentry2.o)
    0x0800020e   0x00000006   Code   RO         1532    .ARM.Collect$$rtentry$$00000004  c_w.l(__rtentry4.o)
    0x08000214   0x00000000   Code   RO         1522    .ARM.Collect$$rtentry$$00000009  c_w.l(__rtentry2.o)
    0x08000214   0x00000004   Code   RO         1523    .ARM.Collect$$rtentry$$0000000A  c_w.l(__rtentry2.o)
    0x08000218   0x00000000   Code   RO         1525    .ARM.Collect$$rtentry$$0000000C  c_w.l(__rtentry2.o)
    0x08000218   0x00000008   Code   RO         1526    .ARM.Collect$$rtentry$$0000000D  c_w.l(__rtentry2.o)
    0x08000220   0x00000002   Code   RO         1560    .ARM.Collect$$rtexit$$00000000  c_w.l(rtexit.o)
    0x08000222   0x00000000   Code   RO         1608    .ARM.Collect$$rtexit$$00000002  c_w.l(rtexit2.o)
    0x08000222   0x00000004   Code   RO         1609    .ARM.Collect$$rtexit$$00000003  c_w.l(rtexit2.o)
    0x08000226   0x00000006   Code   RO         1610    .ARM.Collect$$rtexit$$00000004  c_w.l(rtexit2.o)
    0x0800022c   0x00000624   Code   RO            4    .text               main.o
    0x08000850   0x0000017a   Code   RO          177    .text               24cxx.o
    0x080009ca   0x00000002   PAD
    0x080009cc   0x0000088c   Code   RO          207    .text               bmp.o
    0x08001258   0x000000d4   Code   RO          275    .text               delay.o
    0x0800132c   0x00000148   Code   RO          301    .text               diskio.o
    0x08001474   0x00000188   Code   RO          336    .text               exfuns.o
    0x080015fc   0x00000170   Code   RO          378    .text               exti.o
    0x0800176c   0x00003296   Code   RO          426    .text               ff.o
    0x08004a02   0x00000002   PAD
    0x08004a04   0x00000ea0   Code   RO          447    .text               gif.o
    0x080058a4   0x000000fc   Code   RO          509    .text               key.o
    0x080059a0   0x00001a0e   Code   RO          534    .text               lcd.o
    0x080073ae   0x00000002   PAD
    0x080073b0   0x00000050   Code   RO          569    .text               led.o
    0x08007400   0x000001a0   Code   RO          593    .text               malloc.o
    0x080075a0   0x00000524   Code   RO          625    .text               mmc_sd.o
    0x08007ac4   0x00000258   Code   RO          658    .text               myiic.o
    0x08007d1c   0x00000310   Code   RO          713    .text               ov7670.o
    0x0800802c   0x000002ec   Code   RO          743    .text               piclib.o
    0x08008318   0x000002a8   Code   RO          773    .text               remote.o
    0x080085c0   0x00000274   Code   RO          803    .text               sccb.o
    0x08008834   0x000000e0   Code   RO          827    .text               spi.o
    0x08008914   0x00001270   Code   RO          930    .text               tjpgd.o
    0x08009b84   0x00000c0c   Code   RO          958    .text               touch.o
    0x0800a790   0x000000b4   Code   RO          991    .text               unicode.o
    0x0800a844   0x00000140   Code   RO         1017    .text               usart.o
    0x0800a984   0x00000c40   Code   RO         1052    .text               usmart.o
    0x0800b5c4   0x00000528   Code   RO         1105    .text               usmart_str.o
    0x0800baec   0x000000dc   Code   RO         1129    .text               misc.o
    0x0800bbc8   0x0000011c   Code   RO         1153    .text               stm32f10x_exti.o
    0x0800bce4   0x0000035c   Code   RO         1201    .text               stm32f10x_gpio.o
    0x0800c040   0x000003a4   Code   RO         1225    .text               stm32f10x_rcc.o
    0x0800c3e4   0x0000030c   Code   RO         1251    .text               stm32f10x_spi.o
    0x0800c6f0   0x00000e1a   Code   RO         1275    .text               stm32f10x_tim.o
    0x0800d50a   0x00000002   PAD
    0x0800d50c   0x00000408   Code   RO         1299    .text               stm32f10x_usart.o
    0x0800d914   0x00000040   Code   RO         1323    .text               startup_stm32f10x_hd.o
    0x0800d954   0x000001e0   Code   RO         1330    .text               system_stm32f10x.o
    0x0800db34   0x00000002   Code   RO         1359    .text               c_w.l(use_no_semi_2.o)
    0x0800db36   0x00000002   PAD
    0x0800db38   0x00000018   Code   RO         1363    .text               c_w.l(noretval__2printf.o)
    0x0800db50   0x0000004e   Code   RO         1367    .text               c_w.l(_printf_pad.o)
    0x0800db9e   0x00000052   Code   RO         1369    .text               c_w.l(_printf_str.o)
    0x0800dbf0   0x00000078   Code   RO         1371    .text               c_w.l(_printf_dec.o)
    0x0800dc68   0x00000058   Code   RO         1376    .text               c_w.l(_printf_hex_int.o)
    0x0800dcc0   0x00000188   Code   RO         1411    .text               c_w.l(__printf_flags_ss_wp.o)
    0x0800de48   0x00000048   Code   RO         1420    .text               c_w.l(strcpy.o)
    0x0800de90   0x00000018   Code   RO         1422    .text               c_w.l(strcat.o)
    0x0800dea8   0x00000080   Code   RO         1424    .text               c_w.l(strcmpv7m.o)
    0x0800df28   0x00000006   Code   RO         1426    .text               c_w.l(heapauxi.o)
    0x0800df2e   0x00000002   Code   RO         1492    .text               c_w.l(use_no_semi.o)
    0x0800df30   0x00000016   Code   RO         1495    .text               c_w.l(_rserrno.o)
    0x0800df46   0x000000b2   Code   RO         1497    .text               c_w.l(_printf_intcommon.o)
    0x0800dff8   0x0000002c   Code   RO         1499    .text               c_w.l(_printf_char.o)
    0x0800e024   0x00000024   Code   RO         1501    .text               c_w.l(_printf_char_file.o)
    0x0800e048   0x00000008   Code   RO         1537    .text               c_w.l(rt_errno_addr_intlibspace.o)
    0x0800e050   0x00000030   Code   RO         1539    .text               c_w.l(_printf_char_common.o)
    0x0800e080   0x00000008   Code   RO         1541    .text               c_w.l(ferror.o)
    0x0800e088   0x00000008   Code   RO         1545    .text               c_w.l(libspace.o)
    0x0800e090   0x0000004a   Code   RO         1548    .text               c_w.l(sys_stackheap_outer.o)
    0x0800e0da   0x0000000c   Code   RO         1552    .text               c_w.l(exit.o)
    0x0800e0e6   0x0000000e   Code   RO         1404    i._is_digit         c_w.l(__printf_wp.o)
    0x0800e0f4   0x0000004c   Code   RO         1485    i.sqrt              m_ws.l(sqrt.o)
    0x0800e140   0x00000018   Code   RO         1504    x$fpl$dcmpinf       fz_ws.l(dcmpi.o)
    0x0800e158   0x0000005a   Code   RO         1436    x$fpl$dfixu         fz_ws.l(dfixu.o)
    0x0800e1b2   0x00000026   Code   RO         1440    x$fpl$dfltu         fz_ws.l(dflt_clz.o)
    0x0800e1d8   0x00000078   Code   RO         1446    x$fpl$dleqf         fz_ws.l(dleqf.o)
    0x0800e250   0x00000154   Code   RO         1448    x$fpl$dmul          fz_ws.l(dmul.o)
    0x0800e3a4   0x0000009c   Code   RO         1506    x$fpl$dnaninf       fz_ws.l(dnaninf.o)
    0x0800e440   0x0000000c   Code   RO         1508    x$fpl$dretinf       fz_ws.l(dretinf.o)
    0x0800e44c   0x0000006c   Code   RO         1450    x$fpl$drleqf        fz_ws.l(drleqf.o)
    0x0800e4b8   0x000001cc   Code   RO         1510    x$fpl$dsqrt         fz_ws.l(dsqrt_noumaal.o)
    0x0800e684   0x00000056   Code   RO         1452    x$fpl$f2d           fz_ws.l(f2d.o)
    0x0800e6da   0x00000002   PAD
    0x0800e6dc   0x000000c4   Code   RO         1454    x$fpl$fadd          fz_ws.l(faddsub_clz.o)
    0x0800e7a0   0x00000018   Code   RO         1512    x$fpl$fcmpinf       fz_ws.l(fcmpi.o)
    0x0800e7b8   0x00000184   Code   RO         1461    x$fpl$fdiv          fz_ws.l(fdiv.o)
    0x0800e93c   0x00000036   Code   RO         1464    x$fpl$ffix          fz_ws.l(ffix.o)
    0x0800e972   0x00000002   PAD
    0x0800e974   0x0000003e   Code   RO         1468    x$fpl$ffixu         fz_ws.l(ffixu.o)
    0x0800e9b2   0x00000002   PAD
    0x0800e9b4   0x00000030   Code   RO         1473    x$fpl$fflt          fz_ws.l(fflt_clz.o)
    0x0800e9e4   0x00000026   Code   RO         1472    x$fpl$ffltu         fz_ws.l(fflt_clz.o)
    0x0800ea0a   0x00000002   PAD
    0x0800ea0c   0x00000068   Code   RO         1478    x$fpl$fleqf         fz_ws.l(fleqf.o)
    0x0800ea74   0x00000102   Code   RO         1480    x$fpl$fmul          fz_ws.l(fmul.o)
    0x0800eb76   0x0000008c   Code   RO         1514    x$fpl$fnaninf       fz_ws.l(fnaninf.o)
    0x0800ec02   0x0000000a   Code   RO         1516    x$fpl$fretinf       fz_ws.l(fretinf.o)
    0x0800ec0c   0x00000062   Code   RO         1482    x$fpl$frleqf        fz_ws.l(frleqf.o)
    0x0800ec6e   0x00000002   PAD
    0x0800ec70   0x000000ea   Code   RO         1456    x$fpl$fsub          fz_ws.l(faddsub_clz.o)
    0x0800ed5a   0x00000000   Code   RO         1518    x$fpl$usenofp       fz_ws.l(usenofp.o)
    0x0800ed5a   0x0000003a   Data   RO          427    .constdata          ff.o
    0x0800ed94   0x00000028   Data   RO          448    .constdata          gif.o
    0x0800edbc   0x000017c0   Data   RO          536    .constdata          lcd.o
    0x0801057c   0x000000e6   Data   RO          714    .constdata          ov7670.o
    0x08010662   0x000004c0   Data   RO          931    .constdata          tjpgd.o
    0x08010b22   0x0000000c   Data   RO          959    .constdata          touch.o
    0x08010b2e   0x0002acc8   Data   RO          992    .constdata          unicode.o
    0x0803b7f6   0x00000028   Data   RO         1377    .constdata          c_w.l(_printf_hex_int.o)
    0x0803b81e   0x00000011   Data   RO         1412    .constdata          c_w.l(__printf_flags_ss_wp.o)
    0x0803b82f   0x00000001   PAD
    0x0803b830   0x00000064   Data   RO          338    .conststring        exfuns.o
    0x0803b894   0x00000079   Data   RO          960    .conststring        touch.o
    0x0803b90d   0x00000003   PAD
    0x0803b910   0x00000028   Data   RO         1053    .conststring        usmart.o
    0x0803b938   0x00000156   Data   RO         1080    .conststring        usmart_config.o
    0x0803ba8e   0x00000002   PAD
    0x0803ba90   0x00000020   Data   RO         1679    Region$$Table       anon$$obj.o


    Execution Region RW_IRAM1 (Base: 0x20000000, Size: 0x00009fb8, Max: 0x0000c000, ABSOLUTE, COMPRESSED[0x00000108])

    Base Addr    Size         Type   Attr      Idx    E Section Name        Object

    0x20000000   0x00000004   Data   RW          276    .data               delay.o
    0x20000004   0x00000150   Data   RW          339    .data               exfuns.o
    0x20000154   0x00000001   Data   RW          379    .data               exti.o
    0x20000155   0x00000003   PAD
    0x20000158   0x0000000a   Data   RW          428    .data               ff.o
    0x20000162   0x00000001   Data   RW          449    .data               gif.o
    0x20000163   0x00000001   Data   RW          510    .data               key.o
    0x20000164   0x00000004   Data   RW          537    .data               lcd.o
    0x20000168   0x00000014   Data   RW          596    .data               malloc.o
    0x2000017c   0x00000001   Data   RW          626    .data               mmc_sd.o
    0x2000017d   0x00000003   PAD
    0x20000180   0x00000009   Data   RW          774    .data               remote.o
    0x20000189   0x00000003   PAD
    0x2000018c   0x0000000c   Data   RW          932    .data               tjpgd.o
    0x20000198   0x0000003c   Data   RW          961    .data               touch.o
    0x200001d4   0x00000006   Data   RW         1019    .data               usart.o
    0x200001da   0x00000002   PAD
    0x200001dc   0x0000001c   Data   RW         1054    .data               usmart.o
    0x200001f8   0x0000014c   Data   RW         1081    .data               usmart_config.o
    0x20000344   0x00000014   Data   RW         1226    .data               stm32f10x_rcc.o
    0x20000358   0x00000014   Data   RW         1331    .data               system_stm32f10x.o
    0x2000036c   0x0000000e   Zero   RW          535    .bss                lcd.o
    0x2000037a   0x00000002   PAD
    0x2000037c   0x000094c0   Zero   RW          594    .bss                malloc.o
    0x2000983c   0x0000003c   Zero   RW          744    .bss                piclib.o
    0x20009878   0x00000012   Zero   RW          828    .bss                spi.o
    0x2000988a   0x000000c8   Zero   RW         1018    .bss                usart.o
    0x20009952   0x00000002   PAD
    0x20009954   0x00000060   Zero   RW         1546    .bss                c_w.l(libspace.o)
    0x200099b4   0x00000004   PAD
    0x200099b8   0x00000200   Zero   RW         1321    HEAP                startup_stm32f10x_hd.o
    0x20009bb8   0x00000400   Zero   RW         1320    STACK               startup_stm32f10x_hd.o


==============================================================================

Image component sizes


      Code (inc. data)   RO Data    RW Data    ZI Data      Debug   Object Name

       378          0          0          0          0       2574   24cxx.o
      2188         24          0          0          0       7694   bmp.o
       212         18          0          4          0        987   delay.o
       328          6          0          0          0       3597   diskio.o
       392         22        100        336          0       2504   exfuns.o
       368         20          0          1          0       1243   exti.o
     12950        138         58         10          0      34546   ff.o
      3744         24         40          1          0       9774   gif.o
       252         16          0          1          0        804   key.o
      6670        132       6080          4         14      15063   lcd.o
        80          8          0          0          0        475   led.o
      1572        238          0          0          0     270586   main.o
       416          6          0         20      38080       3965   malloc.o
       220         22          0          0          0       1925   misc.o
      1316         16          0          1          0       5570   mmc_sd.o
       600         12          0          0          0       1832   myiic.o
       784         20        230          0          0       2961   ov7670.o
       748         30          0          0         60       4347   piclib.o
       680         28          0          9          0       1546   remote.o
       628         14          0          0          0       1967   sccb.o
       224         12          0          0         18       1237   spi.o
        64         26        304          0       1536        828   startup_stm32f10x_hd.o
       284         10          0          0          0       2359   stm32f10x_exti.o
       860         38          0          0          0       5773   stm32f10x_gpio.o
       932         36          0         20          0       8928   stm32f10x_rcc.o
       780         14          0          0          0       6650   stm32f10x_spi.o
      3610         88          0          0          0      22256   stm32f10x_tim.o
      1032         22          0          0          0       8492   stm32f10x_usart.o
       480         38          0         20          0       1911   system_stm32f10x.o
      4720         72       1216         12          0      12795   tjpgd.o
      3084        190        133         60          0       6291   touch.o
       180         18     175304          0          0       2121   unicode.o
       320         16          0          6        200       3082   usart.o
      3136       1292         40         28          0       4182   usmart.o
         0          0        342        332          0       1552   usmart_config.o
      1320         12          0          0          0       5037   usmart_str.o

    ----------------------------------------------------------------------
     55560       2678     183884        876      39912     467454   Object Totals
         0          0         32          0          0          0   (incl. Generated)
         8          0          5         11          4          0   (incl. Padding)

    ----------------------------------------------------------------------

      Code (inc. data)   RO Data    RW Data    ZI Data      Debug   Library Member Name

        90          0          0          0          0          0   __dczerorl2.o
         8          0          0          0          0         68   __main.o
       392          4         17          0          0         92   __printf_flags_ss_wp.o
        14          0          0          0          0         68   __printf_wp.o
         0          0          0          0          0          0   __rtentry.o
        12          0          0          0          0          0   __rtentry2.o
         6          0          0          0          0          0   __rtentry4.o
        52          8          0          0          0          0   __scatter.o
        28          0          0          0          0          0   __scatter_zi.o
         6          0          0          0          0          0   _printf_c.o
        44          0          0          0          0        108   _printf_char.o
        48          6          0          0          0         96   _printf_char_common.o
        36          4          0          0          0         80   _printf_char_file.o
         6          0          0          0          0          0   _printf_d.o
       120         16          0          0          0         92   _printf_dec.o
        88          4         40          0          0         88   _printf_hex_int.o
       178          0          0          0          0         88   _printf_intcommon.o
        78          0          0          0          0        108   _printf_pad.o
         0          0          0          0          0          0   _printf_percent.o
         4          0          0          0          0          0   _printf_percent_end.o
         6          0          0          0          0          0   _printf_s.o
        82          0          0          0          0         80   _printf_str.o
         6          0          0          0          0          0   _printf_u.o
         6          0          0          0          0          0   _printf_x.o
        22          0          0          0          0        100   _rserrno.o
        12          0          0          0          0         72   exit.o
         8          0          0          0          0         68   ferror.o
         6          0          0          0          0        152   heapauxi.o
         2          0          0          0          0          0   libinit.o
         2          0          0          0          0          0   libinit2.o
         2          0          0          0          0          0   libshutdown.o
         2          0          0          0          0          0   libshutdown2.o
         8          4          0          0         96         68   libspace.o
        24          4          0          0          0         84   noretval__2printf.o
         8          4          0          0          0         68   rt_errno_addr_intlibspace.o
         2          0          0          0          0          0   rtexit.o
        10          0          0          0          0          0   rtexit2.o
        24          0          0          0          0         68   strcat.o
       128          0          0          0          0         68   strcmpv7m.o
        72          0          0          0          0         80   strcpy.o
        74          0          0          0          0         80   sys_stackheap_outer.o
         2          0          0          0          0         68   use_no_semi.o
         2          0          0          0          0         68   use_no_semi_2.o
        24          0          0          0          0         68   dcmpi.o
        90          4          0          0          0         92   dfixu.o
        38          0          0          0          0         68   dflt_clz.o
       120          4          0          0          0         92   dleqf.o
       340         12          0          0          0        104   dmul.o
       156          4          0          0          0         92   dnaninf.o
        12          0          0          0          0         68   dretinf.o
       108          0          0          0          0         80   drleqf.o
       460         56          0          0          0        120   dsqrt_noumaal.o
        86          4          0          0          0         84   f2d.o
       430          8          0          0          0        168   faddsub_clz.o
        24          0          0          0          0         68   fcmpi.o
       388         76          0          0          0         96   fdiv.o
        54          4          0          0          0         84   ffix.o
        62          4          0          0          0         84   ffixu.o
        86          0          0          0          0        136   fflt_clz.o
       104          4          0          0          0         84   fleqf.o
       258          4          0          0          0         84   fmul.o
       140          4          0          0          0         84   fnaninf.o
        10          0          0          0          0         68   fretinf.o
        98          0          0          0          0         68   frleqf.o
         0          0          0          0          0          0   usenofp.o
        76          0          0          0          0         84   sqrt.o

    ----------------------------------------------------------------------
      4898        242         58          0        100       3988   Library Totals
        14          0          1          0          4          0   (incl. Padding)

    ----------------------------------------------------------------------

      Code (inc. data)   RO Data    RW Data    ZI Data      Debug   Library Name

      1720         54         57          0         96       2012   c_w.l
      3088        188          0          0          0       1892   fz_ws.l
        76          0          0          0          0         84   m_ws.l

    ----------------------------------------------------------------------
      4898        242         58          0        100       3988   Library Totals

    ----------------------------------------------------------------------

==============================================================================


      Code (inc. data)   RO Data    RW Data    ZI Data      Debug   

     60458       2920     183942        876      40012     466290   Grand Totals
     60458       2920     183942        264      40012     466290   ELF Image Totals (compressed)
     60458       2920     183942        264          0          0   ROM Totals

==============================================================================

    Total RO  Size (Code + RO Data)               244400 ( 238.67kB)
    Total RW  Size (RW Data + ZI Data)             40888 (  39.93kB)
    Total ROM Size (Code + RO Data + RW Data)     244664 ( 238.93kB)

==============================================================================

